~/Documents/user/projects/gc-go-java
java -XX:+UseZGC "-Xlog:gc*" "-Xlog:gc+stats=debug" ZGCDemo
[0.015s][info][gc,init] Initializing The Z Garbage Collector
[0.015s][info][gc,init] Version: 17.0.12+8-LTS-286 (release)
[0.015s][info][gc,init] NUMA Support: Disabled
[0.015s][info][gc,init] CPUs: 10 total, 10 available
[0.015s][info][gc,init] Memory: 32768M
[0.015s][info][gc,init] Large Page Support: Disabled
[0.015s][info][gc,init] GC Workers: 3 (dynamic)
[0.015s][info][gc,init] Address Space Type: Contiguous/Unrestricted/Complete
[0.015s][info][gc,init] Address Space Size: 131072M x 3 = 393216M
[0.015s][info][gc,init] Min Capacity: 8M
[0.015s][info][gc,init] Initial Capacity: 512M
[0.015s][info][gc,init] Max Capacity: 8192M
[0.015s][info][gc,init] Medium Page Size: 32M
[0.015s][info][gc,init] Pre-touch: Disabled
[0.015s][info][gc,init] Uncommit: Enabled
[0.015s][info][gc,init] Uncommit Delay: 300s
[0.016s][info][gc,init] Runtime Workers: 6
[0.016s][info][gc     ] Using The Z Garbage Collector
[0.019s][info][gc,metaspace] CDS archive(s) mapped at: [0x0000000700000000-0x0000000700bbc000-0x0000000700bbc000), size 12304384, SharedBaseAddress: 0x0000000700000000, ArchiveRelocationMode: 1.
[0.020s][info][gc,metaspace] Compressed class space mapped at: 0x0000000701000000-0x0000000741000000, reserved size: 1073741824
[0.020s][info][gc,metaspace] Narrow klass base: 0x0000000700000000, Narrow klass shift: 0, Narrow klass range: 0x100000000
Starting ZGC Demo...
Iteration: 1
[0.132s][info][gc,start    ] GC(0) Garbage Collection (Warmup)
[0.132s][info][gc,task     ] GC(0) Using 3 workers
[0.132s][info][gc,phases   ] GC(0) Pause Mark Start 0.004ms
[0.134s][info][gc,phases   ] GC(0) Concurrent Mark 1.725ms
[0.134s][info][gc,phases   ] GC(0) Pause Mark End 0.004ms
[0.134s][info][gc,phases   ] GC(0) Concurrent Mark Free 0.000ms
[0.134s][info][gc,phases   ] GC(0) Concurrent Process Non-Strong References 0.190ms
[0.134s][info][gc,phases   ] GC(0) Concurrent Reset Relocation Set 0.000ms
[0.139s][info][gc,phases   ] GC(0) Concurrent Select Relocation Set 4.865ms
[0.139s][info][gc,phases   ] GC(0) Pause Relocate Start 0.008ms
[0.139s][info][gc,phases   ] GC(0) Concurrent Relocate 0.023ms
[0.139s][info][gc,load     ] GC(0) Load: 3.14/4.44/4.78
[0.139s][info][gc,mmu      ] GC(0) MMU: 2ms/99.6%, 5ms/99.8%, 10ms/99.8%, 20ms/99.9%, 50ms/100.0%, 100ms/100.0%
[0.139s][info][gc,marking  ] GC(0) Mark: 2 stripe(s), 2 proactive flush(es), 1 terminate flush(es), 0 completion(s), 0 continuation(s)
[0.139s][info][gc,marking  ] GC(0) Mark Stack Usage: 32M
[0.139s][info][gc,nmethod  ] GC(0) NMethods: 122 registered, 0 unregistered
[0.139s][info][gc,metaspace] GC(0) Metaspace: 0M used, 0M committed, 1088M reserved
[0.139s][info][gc,ref      ] GC(0) Soft: 42 encountered, 0 discovered, 0 enqueued
[0.139s][info][gc,ref      ] GC(0) Weak: 132 encountered, 56 discovered, 24 enqueued
[0.139s][info][gc,ref      ] GC(0) Final: 0 encountered, 0 discovered, 0 enqueued
[0.139s][info][gc,ref      ] GC(0) Phantom: 2 encountered, 1 discovered, 1 enqueued
[0.139s][info][gc,reloc    ] GC(0) Small Pages: 1 / 2M, Empty: 0M, Relocated: 0M, In-Place: 0
[0.139s][info][gc,reloc    ] GC(0) Medium Pages: 33 / 1056M, Empty: 1024M, Relocated: 0M, In-Place: 0
[0.139s][info][gc,reloc    ] GC(0) Large Pages: 0 / 0M, Empty: 0M, Relocated: 0M, In-Place: 0
[0.139s][info][gc,reloc    ] GC(0) Forwarding Usage: 0M
[0.139s][info][gc,heap     ] GC(0) Min Capacity: 8M(0%)
[0.139s][info][gc,heap     ] GC(0) Max Capacity: 8192M(100%)
[0.139s][info][gc,heap     ] GC(0) Soft Max Capacity: 8192M(100%)
[0.139s][info][gc,heap     ] GC(0)                Mark Start          Mark End        Relocate Start      Relocate End           High               Low
[0.139s][info][gc,heap     ] GC(0)  Capacity:     1088M (13%)        1120M (14%)        1184M (14%)        1184M (14%)        1184M (14%)        1088M (13%)
[0.139s][info][gc,heap     ] GC(0)      Free:     7134M (87%)        7102M (87%)        8062M (98%)        8062M (98%)        8062M (98%)        7038M (86%)
[0.139s][info][gc,heap     ] GC(0)      Used:     1058M (13%)        1090M (13%)         130M (2%)          130M (2%)         1154M (14%)         130M (2%)
[0.139s][info][gc,heap     ] GC(0)      Live:         -                 1M (0%)            1M (0%)            1M (0%)             -                  -
[0.139s][info][gc,heap     ] GC(0) Allocated:         -                32M (0%)           96M (1%)           96M (1%)             -                  -
[0.140s][info][gc,heap     ] GC(0)   Garbage:         -              1056M (13%)          32M (0%)           32M (0%)             -                  -
[0.140s][info][gc,heap     ] GC(0) Reclaimed:         -                  -              1024M (12%)        1024M (12%)            -                  -
[0.140s][info][gc          ] GC(0) Garbage Collection (Warmup) 1058M(13%)->130M(2%)
[0.235s][info][gc,start    ] GC(1) Garbage Collection (Warmup)
[0.235s][info][gc,task     ] GC(1) Using 3 workers
[0.235s][info][gc,phases   ] GC(1) Pause Mark Start 0.008ms
[0.237s][info][gc,phases   ] GC(1) Concurrent Mark 1.698ms
[0.237s][info][gc,phases   ] GC(1) Pause Mark End 0.007ms
[0.237s][info][gc,phases   ] GC(1) Concurrent Mark Free 0.000ms
[0.237s][info][gc,phases   ] GC(1) Concurrent Process Non-Strong References 0.138ms
[0.237s][info][gc,phases   ] GC(1) Concurrent Reset Relocation Set 0.000ms
[0.239s][info][gc,phases   ] GC(1) Concurrent Select Relocation Set 2.296ms
[0.240s][info][gc,phases   ] GC(1) Pause Relocate Start 0.005ms
[0.240s][info][gc,phases   ] GC(1) Concurrent Relocate 0.013ms
[0.240s][info][gc,load     ] GC(1) Load: 3.14/4.44/4.78
[0.240s][info][gc,mmu      ] GC(1) MMU: 2ms/99.3%, 5ms/99.6%, 10ms/99.8%, 20ms/99.9%, 50ms/100.0%, 100ms/100.0%
[0.240s][info][gc,marking  ] GC(1) Mark: 2 stripe(s), 2 proactive flush(es), 1 terminate flush(es), 0 completion(s), 0 continuation(s)
[0.240s][info][gc,marking  ] GC(1) Mark Stack Usage: 32M
[0.240s][info][gc,nmethod  ] GC(1) NMethods: 122 registered, 0 unregistered
[0.240s][info][gc,metaspace] GC(1) Metaspace: 0M used, 0M committed, 1088M reserved
[0.240s][info][gc,ref      ] GC(1) Soft: 42 encountered, 0 discovered, 0 enqueued
[0.240s][info][gc,ref      ] GC(1) Weak: 108 encountered, 0 discovered, 0 enqueued
[0.240s][info][gc,ref      ] GC(1) Final: 0 encountered, 0 discovered, 0 enqueued
[0.240s][info][gc,ref      ] GC(1) Phantom: 1 encountered, 0 discovered, 0 enqueued
[0.240s][info][gc,reloc    ] GC(1) Small Pages: 1 / 2M, Empty: 0M, Relocated: 0M, In-Place: 0
[0.240s][info][gc,reloc    ] GC(1) Medium Pages: 59 / 1888M, Empty: 1856M, Relocated: 0M, In-Place: 0
[0.240s][info][gc,reloc    ] GC(1) Large Pages: 0 / 0M, Empty: 0M, Relocated: 0M, In-Place: 0
[0.240s][info][gc,reloc    ] GC(1) Forwarding Usage: 0M
[0.240s][info][gc,heap     ] GC(1) Min Capacity: 8M(0%)
[0.240s][info][gc,heap     ] GC(1) Max Capacity: 8192M(100%)
[0.240s][info][gc,heap     ] GC(1) Soft Max Capacity: 8192M(100%)
[0.240s][info][gc,heap     ] GC(1)                Mark Start          Mark End        Relocate Start      Relocate End           High               Low
[0.240s][info][gc,heap     ] GC(1)  Capacity:     1920M (23%)        1952M (24%)        1984M (24%)        1984M (24%)        1984M (24%)        1920M (23%)
[0.240s][info][gc,heap     ] GC(1)      Free:     6302M (77%)        6270M (77%)        8094M (99%)        8094M (99%)        8094M (99%)        6238M (76%)
[0.240s][info][gc,heap     ] GC(1)      Used:     1890M (23%)        1922M (23%)          98M (1%)           98M (1%)         1954M (24%)          98M (1%)
[0.240s][info][gc,heap     ] GC(1)      Live:         -                 1M (0%)            1M (0%)            1M (0%)             -                  -
[0.240s][info][gc,heap     ] GC(1) Allocated:         -                32M (0%)           64M (1%)           64M (1%)             -                  -
[0.240s][info][gc,heap     ] GC(1)   Garbage:         -              1888M (23%)          32M (0%)           32M (0%)             -                  -
[0.240s][info][gc,heap     ] GC(1) Reclaimed:         -                  -              1856M (23%)        1856M (23%)            -                  -
[0.240s][info][gc          ] GC(1) Garbage Collection (Warmup) 1890M(23%)->98M(1%)
[0.333s][info][gc,start    ] GC(2) Garbage Collection (Warmup)
[0.333s][info][gc,task     ] GC(2) Using 3 workers
[0.333s][info][gc,phases   ] GC(2) Pause Mark Start 0.008ms
[0.335s][info][gc,phases   ] GC(2) Concurrent Mark 1.682ms
[0.335s][info][gc,phases   ] GC(2) Pause Mark End 0.005ms
[0.335s][info][gc,phases   ] GC(2) Concurrent Mark Free 0.000ms
[0.335s][info][gc,phases   ] GC(2) Concurrent Process Non-Strong References 0.141ms
[0.335s][info][gc,phases   ] GC(2) Concurrent Reset Relocation Set 0.000ms
[0.336s][info][gc,phases   ] GC(2) Concurrent Select Relocation Set 1.363ms
[0.336s][info][gc,phases   ] GC(2) Pause Relocate Start 0.002ms
[0.336s][info][gc,phases   ] GC(2) Concurrent Relocate 0.015ms
[0.336s][info][gc,load     ] GC(2) Load: 3.14/4.44/4.78
[0.336s][info][gc,mmu      ] GC(2) MMU: 2ms/99.3%, 5ms/99.6%, 10ms/99.8%, 20ms/99.9%, 50ms/100.0%, 100ms/100.0%
[0.336s][info][gc,marking  ] GC(2) Mark: 2 stripe(s), 2 proactive flush(es), 1 terminate flush(es), 0 completion(s), 0 continuation(s)
[0.336s][info][gc,marking  ] GC(2) Mark Stack Usage: 32M
[0.336s][info][gc,nmethod  ] GC(2) NMethods: 122 registered, 0 unregistered
[0.336s][info][gc,metaspace] GC(2) Metaspace: 0M used, 0M committed, 1088M reserved
[0.336s][info][gc,ref      ] GC(2) Soft: 42 encountered, 0 discovered, 0 enqueued
[0.336s][info][gc,ref      ] GC(2) Weak: 108 encountered, 14 discovered, 0 enqueued
[0.336s][info][gc,ref      ] GC(2) Final: 0 encountered, 0 discovered, 0 enqueued
[0.336s][info][gc,ref      ] GC(2) Phantom: 1 encountered, 0 discovered, 0 enqueued
[0.336s][info][gc,reloc    ] GC(2) Small Pages: 1 / 2M, Empty: 0M, Relocated: 0M, In-Place: 0
[0.337s][info][gc,reloc    ] GC(2) Medium Pages: 82 / 2624M, Empty: 2592M, Relocated: 0M, In-Place: 0
[0.337s][info][gc,reloc    ] GC(2) Large Pages: 0 / 0M, Empty: 0M, Relocated: 0M, In-Place: 0
[0.337s][info][gc,reloc    ] GC(2) Forwarding Usage: 0M
[0.337s][info][gc,heap     ] GC(2) Min Capacity: 8M(0%)
[0.337s][info][gc,heap     ] GC(2) Max Capacity: 8192M(100%)
[0.337s][info][gc,heap     ] GC(2) Soft Max Capacity: 8192M(100%)
[0.337s][info][gc,heap     ] GC(2)                Mark Start          Mark End        Relocate Start      Relocate End           High               Low
[0.337s][info][gc,heap     ] GC(2)  Capacity:     2656M (32%)        2688M (33%)        2688M (33%)        2688M (33%)        2688M (33%)        2656M (32%)
[0.337s][info][gc,heap     ] GC(2)      Free:     5566M (68%)        5534M (68%)        8094M (99%)        8094M (99%)        8094M (99%)        5534M (68%)
[0.337s][info][gc,heap     ] GC(2)      Used:     2626M (32%)        2658M (32%)          98M (1%)           98M (1%)         2658M (32%)          98M (1%)
[0.337s][info][gc,heap     ] GC(2)      Live:         -                 1M (0%)            1M (0%)            1M (0%)             -                  -
[0.337s][info][gc,heap     ] GC(2) Allocated:         -                32M (0%)           64M (1%)           64M (1%)             -                  -
[0.337s][info][gc,heap     ] GC(2)   Garbage:         -              2624M (32%)          32M (0%)           32M (0%)             -                  -
[0.337s][info][gc,heap     ] GC(2) Reclaimed:         -                  -              2592M (32%)        2592M (32%)            -                  -
[0.337s][info][gc          ] GC(2) Garbage Collection (Warmup) 2626M(32%)->98M(1%)
[0.535s][info][gc,start    ] GC(3) Garbage Collection (Allocation Rate)
[0.535s][info][gc,task     ] GC(3) Using 3 workers
[0.535s][info][gc,phases   ] GC(3) Pause Mark Start 0.009ms
[0.537s][info][gc,phases   ] GC(3) Concurrent Mark 1.752ms
[0.537s][info][gc,phases   ] GC(3) Pause Mark End 0.007ms
[0.537s][info][gc,phases   ] GC(3) Concurrent Mark Free 0.001ms
[0.537s][info][gc,phases   ] GC(3) Concurrent Process Non-Strong References 0.194ms
[0.537s][info][gc,phases   ] GC(3) Concurrent Reset Relocation Set 0.000ms
[0.539s][info][gc,phases   ] GC(3) Concurrent Select Relocation Set 1.838ms
[0.539s][info][gc,phases   ] GC(3) Pause Relocate Start 0.008ms
[0.539s][info][gc,phases   ] GC(3) Concurrent Relocate 0.018ms
[0.539s][info][gc,load     ] GC(3) Load: 3.14/4.44/4.78
[0.539s][info][gc,mmu      ] GC(3) MMU: 2ms/99.2%, 5ms/99.5%, 10ms/99.8%, 20ms/99.9%, 50ms/100.0%, 100ms/100.0%
[0.539s][info][gc,marking  ] GC(3) Mark: 2 stripe(s), 2 proactive flush(es), 1 terminate flush(es), 0 completion(s), 0 continuation(s)
[0.539s][info][gc,marking  ] GC(3) Mark Stack Usage: 32M
[0.539s][info][gc,nmethod  ] GC(3) NMethods: 122 registered, 0 unregistered
[0.539s][info][gc,metaspace] GC(3) Metaspace: 0M used, 0M committed, 1088M reserved
[0.539s][info][gc,ref      ] GC(3) Soft: 42 encountered, 0 discovered, 0 enqueued
[0.539s][info][gc,ref      ] GC(3) Weak: 108 encountered, 0 discovered, 0 enqueued
[0.539s][info][gc,ref      ] GC(3) Final: 0 encountered, 0 discovered, 0 enqueued
[0.539s][info][gc,ref      ] GC(3) Phantom: 1 encountered, 0 discovered, 0 enqueued
[0.539s][info][gc,reloc    ] GC(3) Small Pages: 1 / 2M, Empty: 0M, Relocated: 0M, In-Place: 0
[0.539s][info][gc,reloc    ] GC(3) Medium Pages: 133 / 4256M, Empty: 4224M, Relocated: 0M, In-Place: 0
[0.539s][info][gc,reloc    ] GC(3) Large Pages: 0 / 0M, Empty: 0M, Relocated: 0M, In-Place: 0
[0.539s][info][gc,reloc    ] GC(3) Forwarding Usage: 0M
[0.539s][info][gc,heap     ] GC(3) Min Capacity: 8M(0%)
[0.539s][info][gc,heap     ] GC(3) Max Capacity: 8192M(100%)
[0.539s][info][gc,heap     ] GC(3) Soft Max Capacity: 8192M(100%)
[0.539s][info][gc,heap     ] GC(3)                Mark Start          Mark End        Relocate Start      Relocate End           High               Low
[0.539s][info][gc,heap     ] GC(3)  Capacity:     4288M (52%)        4320M (53%)        4320M (53%)        4320M (53%)        4320M (53%)        4288M (52%)
[0.539s][info][gc,heap     ] GC(3)      Free:     3934M (48%)        3902M (48%)        8094M (99%)        8094M (99%)        8094M (99%)        3902M (48%)
[0.539s][info][gc,heap     ] GC(3)      Used:     4258M (52%)        4290M (52%)          98M (1%)           98M (1%)         4290M (52%)          98M (1%)
[0.539s][info][gc,heap     ] GC(3)      Live:         -                 1M (0%)            1M (0%)            1M (0%)             -                  -
[0.539s][info][gc,heap     ] GC(3) Allocated:         -                32M (0%)           64M (1%)           64M (1%)             -                  -
[0.539s][info][gc,heap     ] GC(3)   Garbage:         -              4256M (52%)          32M (0%)           32M (0%)             -                  -
[0.539s][info][gc,heap     ] GC(3) Reclaimed:         -                  -              4224M (52%)        4224M (52%)            -                  -
[0.539s][info][gc          ] GC(3) Garbage Collection (Allocation Rate) 4258M(52%)->98M(1%)
Allocated memory: 708 MB
Iteration: 2
[1.634s][info][gc,start    ] GC(4) Garbage Collection (Proactive)
[1.634s][info][gc,task     ] GC(4) Using 3 workers
[1.634s][info][gc,phases   ] GC(4) Pause Mark Start 0.006ms
[1.636s][info][gc,phases   ] GC(4) Concurrent Mark 1.648ms
[1.636s][info][gc,phases   ] GC(4) Pause Mark End 0.005ms
[1.636s][info][gc,phases   ] GC(4) Concurrent Mark Free 0.000ms
[1.636s][info][gc,phases   ] GC(4) Concurrent Process Non-Strong References 0.155ms
[1.636s][info][gc,phases   ] GC(4) Concurrent Reset Relocation Set 0.000ms
[1.638s][info][gc,phases   ] GC(4) Concurrent Select Relocation Set 1.725ms
[1.638s][info][gc,phases   ] GC(4) Pause Relocate Start 0.005ms
[1.639s][info][gc,phases   ] GC(4) Concurrent Relocate 0.562ms
[1.639s][info][gc,load     ] GC(4) Load: 3.14/4.44/4.78
[1.639s][info][gc,mmu      ] GC(4) MMU: 2ms/99.2%, 5ms/99.5%, 10ms/99.8%, 20ms/99.9%, 50ms/100.0%, 100ms/100.0%
[1.639s][info][gc,marking  ] GC(4) Mark: 2 stripe(s), 2 proactive flush(es), 1 terminate flush(es), 0 completion(s), 0 continuation(s)
[1.639s][info][gc,marking  ] GC(4) Mark Stack Usage: 32M
[1.639s][info][gc,nmethod  ] GC(4) NMethods: 151 registered, 0 unregistered
[1.639s][info][gc,metaspace] GC(4) Metaspace: 0M used, 0M committed, 1088M reserved
[1.639s][info][gc,ref      ] GC(4) Soft: 62 encountered, 0 discovered, 0 enqueued
[1.639s][info][gc,ref      ] GC(4) Weak: 148 encountered, 23 discovered, 8 enqueued
[1.639s][info][gc,ref      ] GC(4) Final: 0 encountered, 0 discovered, 0 enqueued
[1.639s][info][gc,ref      ] GC(4) Phantom: 2 encountered, 1 discovered, 1 enqueued
[1.639s][info][gc,reloc    ] GC(4) Small Pages: 2 / 4M, Empty: 0M, Relocated: 0M, In-Place: 0
[1.639s][info][gc,reloc    ] GC(4) Medium Pages: 102 / 3264M, Empty: 3232M, Relocated: 0M, In-Place: 0
[1.639s][info][gc,reloc    ] GC(4) Large Pages: 0 / 0M, Empty: 0M, Relocated: 0M, In-Place: 0
[1.639s][info][gc,reloc    ] GC(4) Forwarding Usage: 0M
[1.639s][info][gc,heap     ] GC(4) Min Capacity: 8M(0%)
[1.639s][info][gc,heap     ] GC(4) Max Capacity: 8192M(100%)
[1.639s][info][gc,heap     ] GC(4) Soft Max Capacity: 8192M(100%)
[1.639s][info][gc,heap     ] GC(4)                Mark Start          Mark End        Relocate Start      Relocate End           High               Low
[1.639s][info][gc,heap     ] GC(4)  Capacity:     4320M (53%)        4320M (53%)        4320M (53%)        4320M (53%)        4320M (53%)        4320M (53%)
[1.639s][info][gc,heap     ] GC(4)      Free:     4924M (60%)        4892M (60%)        8092M (99%)        8058M (98%)        8092M (99%)        4892M (60%)
[1.639s][info][gc,heap     ] GC(4)      Used:     3268M (40%)        3300M (40%)         100M (1%)          134M (2%)         3300M (40%)         100M (1%)
[1.639s][info][gc,heap     ] GC(4)      Live:         -                 1M (0%)            1M (0%)            1M (0%)             -                  -
[1.639s][info][gc,heap     ] GC(4) Allocated:         -                32M (0%)           64M (1%)           97M (1%)             -                  -
[1.639s][info][gc,heap     ] GC(4)   Garbage:         -              3266M (40%)          34M (0%)           34M (0%)             -                  -
[1.639s][info][gc,heap     ] GC(4) Reclaimed:         -                  -              3232M (39%)        3231M (39%)            -                  -
[1.639s][info][gc          ] GC(4) Garbage Collection (Proactive) 3268M(40%)->134M(2%)
[1.834s][info][gc,start    ] GC(5) Garbage Collection (Allocation Rate)
[1.834s][info][gc,task     ] GC(5) Using 3 workers
[1.834s][info][gc,phases   ] GC(5) Pause Mark Start 0.012ms
[1.836s][info][gc,phases   ] GC(5) Concurrent Mark 1.933ms
[1.836s][info][gc,phases   ] GC(5) Pause Mark End 0.005ms
[1.837s][info][gc,phases   ] GC(5) Concurrent Mark Free 0.000ms
[1.837s][info][gc,phases   ] GC(5) Concurrent Process Non-Strong References 0.197ms
[1.837s][info][gc,phases   ] GC(5) Concurrent Reset Relocation Set 0.001ms
[1.838s][info][gc,phases   ] GC(5) Concurrent Select Relocation Set 1.648ms
[1.838s][info][gc,phases   ] GC(5) Pause Relocate Start 0.004ms
[1.839s][info][gc,phases   ] GC(5) Concurrent Relocate 0.533ms
[1.839s][info][gc,load     ] GC(5) Load: 3.14/4.44/4.78
[1.839s][info][gc,mmu      ] GC(5) MMU: 2ms/99.2%, 5ms/99.5%, 10ms/99.8%, 20ms/99.9%, 50ms/100.0%, 100ms/100.0%
[1.839s][info][gc,marking  ] GC(5) Mark: 2 stripe(s), 2 proactive flush(es), 1 terminate flush(es), 0 completion(s), 0 continuation(s)
[1.839s][info][gc,marking  ] GC(5) Mark Stack Usage: 32M
[1.839s][info][gc,nmethod  ] GC(5) NMethods: 151 registered, 0 unregistered
[1.839s][info][gc,metaspace] GC(5) Metaspace: 0M used, 0M committed, 1088M reserved
[1.839s][info][gc,ref      ] GC(5) Soft: 62 encountered, 0 discovered, 0 enqueued
[1.839s][info][gc,ref      ] GC(5) Weak: 140 encountered, 2 discovered, 0 enqueued
[1.839s][info][gc,ref      ] GC(5) Final: 0 encountered, 0 discovered, 0 enqueued
[1.839s][info][gc,ref      ] GC(5) Phantom: 1 encountered, 0 discovered, 0 enqueued
[1.839s][info][gc,reloc    ] GC(5) Small Pages: 3 / 6M, Empty: 0M, Relocated: 0M, In-Place: 0
[1.839s][info][gc,reloc    ] GC(5) Medium Pages: 180 / 5760M, Empty: 5728M, Relocated: 0M, In-Place: 0
[1.839s][info][gc,reloc    ] GC(5) Large Pages: 0 / 0M, Empty: 0M, Relocated: 0M, In-Place: 0
[1.839s][info][gc,reloc    ] GC(5) Forwarding Usage: 0M
[1.839s][info][gc,heap     ] GC(5) Min Capacity: 8M(0%)
[1.839s][info][gc,heap     ] GC(5) Max Capacity: 8192M(100%)
[1.839s][info][gc,heap     ] GC(5) Soft Max Capacity: 8192M(100%)
[1.839s][info][gc,heap     ] GC(5)                Mark Start          Mark End        Relocate Start      Relocate End           High               Low
[1.839s][info][gc,heap     ] GC(5)  Capacity:     5792M (71%)        5824M (71%)        5824M (71%)        5824M (71%)        5824M (71%)        5792M (71%)
[1.839s][info][gc,heap     ] GC(5)      Free:     2426M (30%)        2394M (29%)        8090M (99%)        8056M (98%)        8090M (99%)        2394M (29%)
[1.839s][info][gc,heap     ] GC(5)      Used:     5766M (70%)        5798M (71%)         102M (1%)          136M (2%)         5798M (71%)         102M (1%)
[1.839s][info][gc,heap     ] GC(5)      Live:         -                 1M (0%)            1M (0%)            1M (0%)             -                  -
[1.839s][info][gc,heap     ] GC(5) Allocated:         -                32M (0%)           64M (1%)           98M (1%)             -                  -
[1.839s][info][gc,heap     ] GC(5)   Garbage:         -              5764M (70%)          36M (0%)           36M (0%)             -                  -
[1.839s][info][gc,heap     ] GC(5) Reclaimed:         -                  -              5728M (70%)        5728M (70%)            -                  -
[1.839s][info][gc          ] GC(5) Garbage Collection (Allocation Rate) 5766M(70%)->136M(2%)
Allocated memory: 2088 MB
[2.232s][info][gc,start    ] GC(6) Garbage Collection (Proactive)
[2.232s][info][gc,task     ] GC(6) Using 3 workers
[2.232s][info][gc,phases   ] GC(6) Pause Mark Start 0.007ms
[2.234s][info][gc,phases   ] GC(6) Concurrent Mark 2.282ms
[2.234s][info][gc,phases   ] GC(6) Pause Mark End 0.016ms
[2.235s][info][gc,phases   ] GC(6) Concurrent Mark Free 0.001ms
[2.235s][info][gc,phases   ] GC(6) Concurrent Process Non-Strong References 0.445ms
[2.235s][info][gc,phases   ] GC(6) Concurrent Reset Relocation Set 0.002ms
[2.238s][info][gc,phases   ] GC(6) Concurrent Select Relocation Set 2.653ms
[2.238s][info][gc,phases   ] GC(6) Pause Relocate Start 0.010ms
[2.238s][info][gc,phases   ] GC(6) Concurrent Relocate 0.654ms
[2.238s][info][gc,load     ] GC(6) Load: 3.14/4.44/4.78
[2.238s][info][gc,mmu      ] GC(6) MMU: 2ms/99.2%, 5ms/99.5%, 10ms/99.7%, 20ms/99.8%, 50ms/99.9%, 100ms/100.0%
[2.238s][info][gc,marking  ] GC(6) Mark: 2 stripe(s), 1 proactive flush(es), 1 terminate flush(es), 0 completion(s), 0 continuation(s)
[2.238s][info][gc,marking  ] GC(6) Mark Stack Usage: 32M
[2.239s][info][gc,nmethod  ] GC(6) NMethods: 151 registered, 0 unregistered
[2.239s][info][gc,metaspace] GC(6) Metaspace: 0M used, 0M committed, 1088M reserved
[2.239s][info][gc,ref      ] GC(6) Soft: 62 encountered, 0 discovered, 0 enqueued
[2.239s][info][gc,ref      ] GC(6) Weak: 140 encountered, 3 discovered, 0 enqueued
[2.239s][info][gc,ref      ] GC(6) Final: 0 encountered, 0 discovered, 0 enqueued
[2.239s][info][gc,ref      ] GC(6) Phantom: 1 encountered, 0 discovered, 0 enqueued
[2.239s][info][gc,reloc    ] GC(6) Small Pages: 4 / 8M, Empty: 2M, Relocated: 0M, In-Place: 0
[2.239s][info][gc,reloc    ] GC(6) Medium Pages: 65 / 2080M, Empty: 2080M, Relocated: 0M, In-Place: 0
[2.239s][info][gc,reloc    ] GC(6) Large Pages: 0 / 0M, Empty: 0M, Relocated: 0M, In-Place: 0
[2.239s][info][gc,reloc    ] GC(6) Forwarding Usage: 0M
[2.239s][info][gc,heap     ] GC(6) Min Capacity: 8M(0%)
[2.239s][info][gc,heap     ] GC(6) Max Capacity: 8192M(100%)
[2.239s][info][gc,heap     ] GC(6) Soft Max Capacity: 8192M(100%)
[2.239s][info][gc,heap     ] GC(6)                Mark Start          Mark End        Relocate Start      Relocate End           High               Low
[2.239s][info][gc,heap     ] GC(6)  Capacity:     5824M (71%)        5824M (71%)        5824M (71%)        5824M (71%)        5824M (71%)        5824M (71%)
[2.239s][info][gc,heap     ] GC(6)      Free:     6104M (75%)        6104M (75%)        8186M (100%)       8186M (100%)       8186M (100%)       6104M (75%)
[2.239s][info][gc,heap     ] GC(6)      Used:     2088M (25%)        2088M (25%)           6M (0%)            6M (0%)         2088M (25%)           6M (0%)
[2.239s][info][gc,heap     ] GC(6)      Live:         -                 0M (0%)            0M (0%)            0M (0%)             -                  -
[2.239s][info][gc,heap     ] GC(6) Allocated:         -                 0M (0%)            0M (0%)            0M (0%)             -                  -
[2.239s][info][gc,heap     ] GC(6)   Garbage:         -              2087M (25%)           5M (0%)            5M (0%)             -                  -
[2.239s][info][gc,heap     ] GC(6) Reclaimed:         -                  -              2082M (25%)        2082M (25%)            -                  -
[2.239s][info][gc          ] GC(6) Garbage Collection (Proactive) 2088M(25%)->6M(0%)
Iteration: 3
[2.935s][info][gc,start    ] GC(7) Garbage Collection (Proactive)
[2.935s][info][gc,task     ] GC(7) Using 3 workers
[2.935s][info][gc,phases   ] GC(7) Pause Mark Start 0.006ms
[2.937s][info][gc,phases   ] GC(7) Concurrent Mark 1.819ms
[2.937s][info][gc,phases   ] GC(7) Pause Mark End 0.004ms
[2.937s][info][gc,phases   ] GC(7) Concurrent Mark Free 0.000ms
[2.937s][info][gc,phases   ] GC(7) Concurrent Process Non-Strong References 0.205ms
[2.937s][info][gc,phases   ] GC(7) Concurrent Reset Relocation Set 0.001ms
[2.939s][info][gc,phases   ] GC(7) Concurrent Select Relocation Set 1.506ms
[2.939s][info][gc,phases   ] GC(7) Pause Relocate Start 0.005ms
[2.939s][info][gc,phases   ] GC(7) Concurrent Relocate 0.395ms
[2.939s][info][gc,load     ] GC(7) Load: 3.14/4.44/4.78
[2.939s][info][gc,mmu      ] GC(7) MMU: 2ms/99.2%, 5ms/99.5%, 10ms/99.7%, 20ms/99.8%, 50ms/99.9%, 100ms/100.0%
[2.939s][info][gc,marking  ] GC(7) Mark: 2 stripe(s), 2 proactive flush(es), 1 terminate flush(es), 0 completion(s), 0 continuation(s)
[2.939s][info][gc,marking  ] GC(7) Mark Stack Usage: 32M
[2.939s][info][gc,nmethod  ] GC(7) NMethods: 151 registered, 0 unregistered
[2.939s][info][gc,metaspace] GC(7) Metaspace: 0M used, 0M committed, 1088M reserved
[2.939s][info][gc,ref      ] GC(7) Soft: 62 encountered, 0 discovered, 0 enqueued
[2.939s][info][gc,ref      ] GC(7) Weak: 140 encountered, 3 discovered, 0 enqueued
[2.939s][info][gc,ref      ] GC(7) Final: 0 encountered, 0 discovered, 0 enqueued
[2.939s][info][gc,ref      ] GC(7) Phantom: 1 encountered, 0 discovered, 0 enqueued
[2.939s][info][gc,reloc    ] GC(7) Small Pages: 4 / 8M, Empty: 2M, Relocated: 0M, In-Place: 0
[2.939s][info][gc,reloc    ] GC(7) Medium Pages: 121 / 3872M, Empty: 3840M, Relocated: 0M, In-Place: 0
[2.939s][info][gc,reloc    ] GC(7) Large Pages: 0 / 0M, Empty: 0M, Relocated: 0M, In-Place: 0
[2.939s][info][gc,reloc    ] GC(7) Forwarding Usage: 0M
[2.939s][info][gc,heap     ] GC(7) Min Capacity: 8M(0%)
[2.939s][info][gc,heap     ] GC(7) Max Capacity: 8192M(100%)
[2.939s][info][gc,heap     ] GC(7) Soft Max Capacity: 8192M(100%)
[2.939s][info][gc,heap     ] GC(7)                Mark Start          Mark End        Relocate Start      Relocate End           High               Low
[2.939s][info][gc,heap     ] GC(7)  Capacity:     5824M (71%)        5824M (71%)        5824M (71%)        5824M (71%)        5824M (71%)        5824M (71%)
[2.939s][info][gc,heap     ] GC(7)      Free:     4312M (53%)        4280M (52%)        8090M (99%)        8058M (98%)        8090M (99%)        4280M (52%)
[2.939s][info][gc,heap     ] GC(7)      Used:     3880M (47%)        3912M (48%)         102M (1%)          134M (2%)         3912M (48%)         102M (1%)
[2.939s][info][gc,heap     ] GC(7)      Live:         -                 1M (0%)            1M (0%)            1M (0%)             -                  -
[2.939s][info][gc,heap     ] GC(7) Allocated:         -                32M (0%)           64M (1%)           97M (1%)             -                  -
[2.939s][info][gc,heap     ] GC(7)   Garbage:         -              3878M (47%)          36M (0%)           34M (0%)             -                  -
[2.939s][info][gc,heap     ] GC(7) Reclaimed:         -                  -              3842M (47%)        3843M (47%)            -                  -
[2.939s][info][gc          ] GC(7) Garbage Collection (Proactive) 3880M(47%)->134M(2%)
[3.133s][info][gc,start    ] GC(8) Garbage Collection (Allocation Rate)
[3.133s][info][gc,task     ] GC(8) Using 3 workers
[3.133s][info][gc,phases   ] GC(8) Pause Mark Start 0.008ms
[3.135s][info][gc,phases   ] GC(8) Concurrent Mark 1.797ms
[3.135s][info][gc,phases   ] GC(8) Pause Mark End 0.004ms
[3.135s][info][gc,phases   ] GC(8) Concurrent Mark Free 0.000ms
[3.135s][info][gc,phases   ] GC(8) Concurrent Process Non-Strong References 0.175ms
[3.135s][info][gc,phases   ] GC(8) Concurrent Reset Relocation Set 0.001ms
[3.136s][info][gc,phases   ] GC(8) Concurrent Select Relocation Set 1.578ms
[3.137s][info][gc,phases   ] GC(8) Pause Relocate Start 0.006ms
Allocated memory: 106 MB
[3.137s][info][gc,phases   ] GC(8) Concurrent Relocate 0.375ms
[3.137s][info][gc,load     ] GC(8) Load: 3.14/4.44/4.78
[3.137s][info][gc,mmu      ] GC(8) MMU: 2ms/99.2%, 5ms/99.5%, 10ms/99.7%, 20ms/99.8%, 50ms/99.9%, 100ms/100.0%
[3.137s][info][gc,marking  ] GC(8) Mark: 2 stripe(s), 2 proactive flush(es), 1 terminate flush(es), 0 completion(s), 0 continuation(s)
[3.137s][info][gc,marking  ] GC(8) Mark Stack Usage: 32M
[3.137s][info][gc,nmethod  ] GC(8) NMethods: 151 registered, 0 unregistered
[3.137s][info][gc,metaspace] GC(8) Metaspace: 0M used, 0M committed, 1088M reserved
[3.137s][info][gc,ref      ] GC(8) Soft: 62 encountered, 0 discovered, 0 enqueued
[3.137s][info][gc,ref      ] GC(8) Weak: 140 encountered, 2 discovered, 0 enqueued
[3.137s][info][gc,ref      ] GC(8) Final: 0 encountered, 0 discovered, 0 enqueued
[3.137s][info][gc,ref      ] GC(8) Phantom: 1 encountered, 1 discovered, 0 enqueued
[3.137s][info][gc,reloc    ] GC(8) Small Pages: 3 / 6M, Empty: 0M, Relocated: 0M, In-Place: 0
[3.137s][info][gc,reloc    ] GC(8) Medium Pages: 203 / 6496M, Empty: 6464M, Relocated: 0M, In-Place: 0
[3.137s][info][gc,reloc    ] GC(8) Large Pages: 0 / 0M, Empty: 0M, Relocated: 0M, In-Place: 0
[3.137s][info][gc,reloc    ] GC(8) Forwarding Usage: 0M
[3.137s][info][gc,heap     ] GC(8) Min Capacity: 8M(0%)
[3.137s][info][gc,heap     ] GC(8) Max Capacity: 8192M(100%)
[3.137s][info][gc,heap     ] GC(8) Soft Max Capacity: 8192M(100%)
[3.137s][info][gc,heap     ] GC(8)                Mark Start          Mark End        Relocate Start      Relocate End           High               Low
[3.137s][info][gc,heap     ] GC(8)  Capacity:     6528M (80%)        6560M (80%)        6560M (80%)        6560M (80%)        6560M (80%)        6528M (80%)
[3.137s][info][gc,heap     ] GC(8)      Free:     1690M (21%)        1658M (20%)        8090M (99%)        8090M (99%)        8090M (99%)        1658M (20%)
[3.137s][info][gc,heap     ] GC(8)      Used:     6502M (79%)        6534M (80%)         102M (1%)          102M (1%)         6534M (80%)         102M (1%)
[3.137s][info][gc,heap     ] GC(8)      Live:         -                 1M (0%)            1M (0%)            1M (0%)             -                  -
[3.137s][info][gc,heap     ] GC(8) Allocated:         -                32M (0%)           64M (1%)           65M (1%)             -                  -
[3.137s][info][gc,heap     ] GC(8)   Garbage:         -              6500M (79%)          36M (0%)           34M (0%)             -                  -
[3.137s][info][gc,heap     ] GC(8) Reclaimed:         -                  -              6464M (79%)        6465M (79%)            -                  -
[3.137s][info][gc          ] GC(8) Garbage Collection (Allocation Rate) 6502M(79%)->102M(1%)
Iteration: 4
[4.232s][info][gc,start    ] GC(9) Garbage Collection (Allocation Rate)
[4.232s][info][gc,task     ] GC(9) Using 3 workers
[4.232s][info][gc,phases   ] GC(9) Pause Mark Start 0.014ms
[4.234s][info][gc,phases   ] GC(9) Concurrent Mark 1.758ms
[4.234s][info][gc,phases   ] GC(9) Pause Mark End 0.005ms
[4.234s][info][gc,phases   ] GC(9) Concurrent Mark Free 0.000ms
[4.234s][info][gc,phases   ] GC(9) Concurrent Process Non-Strong References 0.167ms
[4.234s][info][gc,phases   ] GC(9) Concurrent Reset Relocation Set 0.001ms
[4.235s][info][gc,phases   ] GC(9) Concurrent Select Relocation Set 1.384ms
[4.235s][info][gc,phases   ] GC(9) Pause Relocate Start 0.002ms
[4.236s][info][gc,phases   ] GC(9) Concurrent Relocate 0.376ms
[4.236s][info][gc,load     ] GC(9) Load: 3.14/4.44/4.78
[4.236s][info][gc,mmu      ] GC(9) MMU: 2ms/99.1%, 5ms/99.5%, 10ms/99.7%, 20ms/99.8%, 50ms/99.9%, 100ms/100.0%
[4.236s][info][gc,marking  ] GC(9) Mark: 2 stripe(s), 2 proactive flush(es), 1 terminate flush(es), 0 completion(s), 0 continuation(s)
[4.236s][info][gc,marking  ] GC(9) Mark Stack Usage: 32M
[4.236s][info][gc,nmethod  ] GC(9) NMethods: 151 registered, 0 unregistered
[4.236s][info][gc,metaspace] GC(9) Metaspace: 0M used, 0M committed, 1088M reserved
[4.236s][info][gc,ref      ] GC(9) Soft: 62 encountered, 0 discovered, 0 enqueued
[4.236s][info][gc,ref      ] GC(9) Weak: 140 encountered, 0 discovered, 0 enqueued
[4.236s][info][gc,ref      ] GC(9) Final: 0 encountered, 0 discovered, 0 enqueued
[4.236s][info][gc,ref      ] GC(9) Phantom: 1 encountered, 0 discovered, 0 enqueued
[4.236s][info][gc,reloc    ] GC(9) Small Pages: 3 / 6M, Empty: 0M, Relocated: 0M, In-Place: 0
[4.236s][info][gc,reloc    ] GC(9) Medium Pages: 176 / 5632M, Empty: 5600M, Relocated: 0M, In-Place: 0
[4.236s][info][gc,reloc    ] GC(9) Large Pages: 0 / 0M, Empty: 0M, Relocated: 0M, In-Place: 0
[4.236s][info][gc,reloc    ] GC(9) Forwarding Usage: 0M
[4.236s][info][gc,heap     ] GC(9) Min Capacity: 8M(0%)
[4.236s][info][gc,heap     ] GC(9) Max Capacity: 8192M(100%)
[4.236s][info][gc,heap     ] GC(9) Soft Max Capacity: 8192M(100%)
[4.236s][info][gc,heap     ] GC(9)                Mark Start          Mark End        Relocate Start      Relocate End           High               Low
[4.236s][info][gc,heap     ] GC(9)  Capacity:     6560M (80%)        6560M (80%)        6560M (80%)        6560M (80%)        6560M (80%)        6560M (80%)
[4.236s][info][gc,heap     ] GC(9)      Free:     2554M (31%)        2522M (31%)        8090M (99%)        8058M (98%)        8090M (99%)        2522M (31%)
[4.236s][info][gc,heap     ] GC(9)      Used:     5638M (69%)        5670M (69%)         102M (1%)          134M (2%)         5670M (69%)         102M (1%)
[4.236s][info][gc,heap     ] GC(9)      Live:         -                 1M (0%)            1M (0%)            1M (0%)             -                  -
[4.236s][info][gc,heap     ] GC(9) Allocated:         -                32M (0%)           64M (1%)           97M (1%)             -                  -
[4.236s][info][gc,heap     ] GC(9)   Garbage:         -              5636M (69%)          36M (0%)           34M (0%)             -                  -
[4.236s][info][gc,heap     ] GC(9) Reclaimed:         -                  -              5600M (68%)        5601M (68%)            -                  -
[4.236s][info][gc          ] GC(9) Garbage Collection (Allocation Rate) 5638M(69%)->134M(2%)
Allocated memory: 4838 MB
[4.535s][info][gc,start    ] GC(10) Garbage Collection (Proactive)
[4.535s][info][gc,task     ] GC(10) Using 3 workers
[4.535s][info][gc,phases   ] GC(10) Pause Mark Start 0.007ms
[4.537s][info][gc,phases   ] GC(10) Concurrent Mark 1.897ms
[4.537s][info][gc,phases   ] GC(10) Pause Mark End 0.005ms
[4.537s][info][gc,phases   ] GC(10) Concurrent Mark Free 0.000ms
[4.537s][info][gc,phases   ] GC(10) Concurrent Process Non-Strong References 0.172ms
[4.537s][info][gc,phases   ] GC(10) Concurrent Reset Relocation Set 0.001ms
[4.539s][info][gc,phases   ] GC(10) Concurrent Select Relocation Set 1.665ms
[4.539s][info][gc,phases   ] GC(10) Pause Relocate Start 0.003ms
[4.539s][info][gc,phases   ] GC(10) Concurrent Relocate 0.389ms
[4.539s][info][gc,load     ] GC(10) Load: 3.14/4.44/4.78
[4.539s][info][gc,mmu      ] GC(10) MMU: 2ms/99.1%, 5ms/99.5%, 10ms/99.7%, 20ms/99.8%, 50ms/99.9%, 100ms/100.0%
[4.539s][info][gc,marking  ] GC(10) Mark: 2 stripe(s), 1 proactive flush(es), 1 terminate flush(es), 0 completion(s), 0 continuation(s)
[4.539s][info][gc,marking  ] GC(10) Mark Stack Usage: 32M
[4.539s][info][gc,nmethod  ] GC(10) NMethods: 151 registered, 0 unregistered
[4.539s][info][gc,metaspace] GC(10) Metaspace: 0M used, 0M committed, 1088M reserved
[4.539s][info][gc,ref      ] GC(10) Soft: 62 encountered, 0 discovered, 0 enqueued
[4.539s][info][gc,ref      ] GC(10) Weak: 140 encountered, 0 discovered, 0 enqueued
[4.539s][info][gc,ref      ] GC(10) Final: 0 encountered, 0 discovered, 0 enqueued
[4.539s][info][gc,ref      ] GC(10) Phantom: 1 encountered, 1 discovered, 0 enqueued
[4.539s][info][gc,reloc    ] GC(10) Small Pages: 3 / 6M, Empty: 0M, Relocated: 0M, In-Place: 0
[4.539s][info][gc,reloc    ] GC(10) Medium Pages: 151 / 4832M, Empty: 4832M, Relocated: 0M, In-Place: 0
[4.539s][info][gc,reloc    ] GC(10) Large Pages: 0 / 0M, Empty: 0M, Relocated: 0M, In-Place: 0
[4.539s][info][gc,reloc    ] GC(10) Forwarding Usage: 0M
[4.539s][info][gc,heap     ] GC(10) Min Capacity: 8M(0%)
[4.539s][info][gc,heap     ] GC(10) Max Capacity: 8192M(100%)
[4.539s][info][gc,heap     ] GC(10) Soft Max Capacity: 8192M(100%)
[4.539s][info][gc,heap     ] GC(10)                Mark Start          Mark End        Relocate Start      Relocate End           High               Low
[4.539s][info][gc,heap     ] GC(10)  Capacity:     6560M (80%)        6560M (80%)        6560M (80%)        6560M (80%)        6560M (80%)        6560M (80%)
[4.539s][info][gc,heap     ] GC(10)      Free:     3354M (41%)        3354M (41%)        8186M (100%)       8186M (100%)       8186M (100%)       3354M (41%)
[4.539s][info][gc,heap     ] GC(10)      Used:     4838M (59%)        4838M (59%)           6M (0%)            6M (0%)         4838M (59%)           6M (0%)
[4.539s][info][gc,heap     ] GC(10)      Live:         -                 0M (0%)            0M (0%)            0M (0%)             -                  -
[4.539s][info][gc,heap     ] GC(10) Allocated:         -                 0M (0%)            0M (0%)            0M (0%)             -                  -
[4.539s][info][gc,heap     ] GC(10)   Garbage:         -              4837M (59%)           5M (0%)            5M (0%)             -                  -
[4.539s][info][gc,heap     ] GC(10) Reclaimed:         -                  -              4832M (59%)        4832M (59%)            -                  -
[4.539s][info][gc          ] GC(10) Garbage Collection (Proactive) 4838M(59%)->6M(0%)
Iteration: 5
[5.330s][info][gc,start    ] GC(11) Garbage Collection (Proactive)
[5.330s][info][gc,task     ] GC(11) Using 3 workers
[5.330s][info][gc,phases   ] GC(11) Pause Mark Start 0.005ms
[5.332s][info][gc,phases   ] GC(11) Concurrent Mark 1.997ms
[5.332s][info][gc,phases   ] GC(11) Pause Mark End 0.007ms
[5.332s][info][gc,phases   ] GC(11) Concurrent Mark Free 0.001ms
[5.332s][info][gc,phases   ] GC(11) Concurrent Process Non-Strong References 0.216ms
[5.332s][info][gc,phases   ] GC(11) Concurrent Reset Relocation Set 0.001ms
[5.334s][info][gc,phases   ] GC(11) Concurrent Select Relocation Set 1.836ms
[5.334s][info][gc,phases   ] GC(11) Pause Relocate Start 0.006ms
[5.335s][info][gc,phases   ] GC(11) Concurrent Relocate 0.508ms
[5.335s][info][gc,load     ] GC(11) Load: 3.29/4.45/4.78
[5.335s][info][gc,mmu      ] GC(11) MMU: 2ms/99.1%, 5ms/99.5%, 10ms/99.7%, 20ms/99.8%, 50ms/99.9%, 100ms/100.0%
[5.335s][info][gc,marking  ] GC(11) Mark: 2 stripe(s), 2 proactive flush(es), 1 terminate flush(es), 0 completion(s), 0 continuation(s)
[5.335s][info][gc,marking  ] GC(11) Mark Stack Usage: 32M
[5.335s][info][gc,nmethod  ] GC(11) NMethods: 151 registered, 0 unregistered
[5.335s][info][gc,metaspace] GC(11) Metaspace: 0M used, 0M committed, 1088M reserved
[5.335s][info][gc,ref      ] GC(11) Soft: 62 encountered, 0 discovered, 0 enqueued
[5.335s][info][gc,ref      ] GC(11) Weak: 140 encountered, 7 discovered, 0 enqueued
[5.335s][info][gc,ref      ] GC(11) Final: 0 encountered, 0 discovered, 0 enqueued
[5.335s][info][gc,ref      ] GC(11) Phantom: 1 encountered, 0 discovered, 0 enqueued
[5.335s][info][gc,reloc    ] GC(11) Small Pages: 4 / 8M, Empty: 2M, Relocated: 0M, In-Place: 0
[5.335s][info][gc,reloc    ] GC(11) Medium Pages: 47 / 1504M, Empty: 1472M, Relocated: 0M, In-Place: 0
[5.335s][info][gc,reloc    ] GC(11) Large Pages: 0 / 0M, Empty: 0M, Relocated: 0M, In-Place: 0
[5.335s][info][gc,reloc    ] GC(11) Forwarding Usage: 0M
[5.335s][info][gc,heap     ] GC(11) Min Capacity: 8M(0%)
[5.335s][info][gc,heap     ] GC(11) Max Capacity: 8192M(100%)
[5.335s][info][gc,heap     ] GC(11) Soft Max Capacity: 8192M(100%)
[5.335s][info][gc,heap     ] GC(11)                Mark Start          Mark End        Relocate Start      Relocate End           High               Low
[5.335s][info][gc,heap     ] GC(11)  Capacity:     6560M (80%)        6560M (80%)        6560M (80%)        6560M (80%)        6560M (80%)        6560M (80%)
[5.335s][info][gc,heap     ] GC(11)      Free:     6680M (82%)        6648M (81%)        8090M (99%)        8058M (98%)        8090M (99%)        6616M (81%)
[5.335s][info][gc,heap     ] GC(11)      Used:     1512M (18%)        1544M (19%)         102M (1%)          134M (2%)         1576M (19%)         102M (1%)
[5.335s][info][gc,heap     ] GC(11)      Live:         -                 1M (0%)            1M (0%)            1M (0%)             -                  -
[5.335s][info][gc,heap     ] GC(11) Allocated:         -                32M (0%)           64M (1%)           97M (1%)             -                  -
[5.335s][info][gc,heap     ] GC(11)   Garbage:         -              1510M (18%)          36M (0%)           34M (0%)             -                  -
[5.335s][info][gc,heap     ] GC(11) Reclaimed:         -                  -              1474M (18%)        1475M (18%)            -                  -
[5.335s][info][gc          ] GC(11) Garbage Collection (Proactive) 1512M(18%)->134M(2%)
[5.435s][info][gc,start    ] GC(12) Garbage Collection (Allocation Rate)
[5.435s][info][gc,task     ] GC(12) Using 3 workers
[5.435s][info][gc,phases   ] GC(12) Pause Mark Start 0.013ms
[5.437s][info][gc,phases   ] GC(12) Concurrent Mark 1.937ms
[5.437s][info][gc,phases   ] GC(12) Pause Mark End 0.004ms
[5.437s][info][gc,phases   ] GC(12) Concurrent Mark Free 0.000ms
[5.437s][info][gc,phases   ] GC(12) Concurrent Process Non-Strong References 0.169ms
[5.437s][info][gc,phases   ] GC(12) Concurrent Reset Relocation Set 0.001ms
[5.439s][info][gc,phases   ] GC(12) Concurrent Select Relocation Set 1.681ms
[5.439s][info][gc,phases   ] GC(12) Pause Relocate Start 0.003ms
[5.440s][info][gc,phases   ] GC(12) Concurrent Relocate 0.460ms
[5.440s][info][gc,load     ] GC(12) Load: 3.29/4.45/4.78
[5.440s][info][gc,mmu      ] GC(12) MMU: 2ms/99.1%, 5ms/99.5%, 10ms/99.7%, 20ms/99.8%, 50ms/99.9%, 100ms/100.0%
[5.440s][info][gc,marking  ] GC(12) Mark: 2 stripe(s), 2 proactive flush(es), 1 terminate flush(es), 0 completion(s), 0 continuation(s)
[5.440s][info][gc,marking  ] GC(12) Mark Stack Usage: 32M
[5.440s][info][gc,nmethod  ] GC(12) NMethods: 151 registered, 0 unregistered
[5.440s][info][gc,metaspace] GC(12) Metaspace: 0M used, 0M committed, 1088M reserved
[5.440s][info][gc,ref      ] GC(12) Soft: 62 encountered, 0 discovered, 0 enqueued
[5.440s][info][gc,ref      ] GC(12) Weak: 140 encountered, 0 discovered, 0 enqueued
[5.440s][info][gc,ref      ] GC(12) Final: 0 encountered, 0 discovered, 0 enqueued
[5.440s][info][gc,ref      ] GC(12) Phantom: 1 encountered, 0 discovered, 0 enqueued
[5.440s][info][gc,reloc    ] GC(12) Small Pages: 3 / 6M, Empty: 0M, Relocated: 0M, In-Place: 0
[5.440s][info][gc,reloc    ] GC(12) Medium Pages: 201 / 6432M, Empty: 6400M, Relocated: 0M, In-Place: 0
[5.440s][info][gc,reloc    ] GC(12) Large Pages: 0 / 0M, Empty: 0M, Relocated: 0M, In-Place: 0
[5.440s][info][gc,reloc    ] GC(12) Forwarding Usage: 0M
[5.440s][info][gc,heap     ] GC(12) Min Capacity: 8M(0%)
[5.440s][info][gc,heap     ] GC(12) Max Capacity: 8192M(100%)
[5.440s][info][gc,heap     ] GC(12) Soft Max Capacity: 8192M(100%)
[5.440s][info][gc,heap     ] GC(12)                Mark Start          Mark End        Relocate Start      Relocate End           High               Low
[5.440s][info][gc,heap     ] GC(12)  Capacity:     6560M (80%)        6560M (80%)        6560M (80%)        6560M (80%)        6560M (80%)        6560M (80%)
[5.440s][info][gc,heap     ] GC(12)      Free:     1754M (21%)        1722M (21%)        8090M (99%)        8056M (98%)        8090M (99%)        1722M (21%)
[5.440s][info][gc,heap     ] GC(12)      Used:     6438M (79%)        6470M (79%)         102M (1%)          136M (2%)         6470M (79%)         102M (1%)
[5.440s][info][gc,heap     ] GC(12)      Live:         -                 1M (0%)            1M (0%)            1M (0%)             -                  -
[5.440s][info][gc,heap     ] GC(12) Allocated:         -                32M (0%)           64M (1%)           98M (1%)             -                  -
[5.440s][info][gc,heap     ] GC(12)   Garbage:         -              6436M (79%)          36M (0%)           36M (0%)             -                  -
[5.440s][info][gc,heap     ] GC(12) Reclaimed:         -                  -              6400M (78%)        6400M (78%)            -                  -
[5.440s][info][gc          ] GC(12) Garbage Collection (Allocation Rate) 6438M(79%)->136M(2%)
Allocated memory: 2504 MB
[5.732s][info][gc,start    ] GC(13) Garbage Collection (Proactive)
[5.732s][info][gc,task     ] GC(13) Using 3 workers
[5.732s][info][gc,phases   ] GC(13) Pause Mark Start 0.018ms
[5.734s][info][gc,phases   ] GC(13) Concurrent Mark 1.966ms
[5.734s][info][gc,phases   ] GC(13) Pause Mark End 0.007ms
[5.734s][info][gc,phases   ] GC(13) Concurrent Mark Free 0.000ms
[5.734s][info][gc,phases   ] GC(13) Concurrent Process Non-Strong References 0.259ms
[5.734s][info][gc,phases   ] GC(13) Concurrent Reset Relocation Set 0.001ms
[5.736s][info][gc,phases   ] GC(13) Concurrent Select Relocation Set 2.041ms
[5.736s][info][gc,phases   ] GC(13) Pause Relocate Start 0.005ms
[5.737s][info][gc,phases   ] GC(13) Concurrent Relocate 0.493ms
[5.737s][info][gc,load     ] GC(13) Load: 3.29/4.45/4.78
[5.737s][info][gc,mmu      ] GC(13) MMU: 2ms/99.1%, 5ms/99.4%, 10ms/99.7%, 20ms/99.8%, 50ms/99.9%, 100ms/100.0%
[5.737s][info][gc,marking  ] GC(13) Mark: 2 stripe(s), 1 proactive flush(es), 1 terminate flush(es), 0 completion(s), 0 continuation(s)
[5.737s][info][gc,marking  ] GC(13) Mark Stack Usage: 32M
[5.737s][info][gc,nmethod  ] GC(13) NMethods: 151 registered, 0 unregistered
[5.737s][info][gc,metaspace] GC(13) Metaspace: 0M used, 0M committed, 1088M reserved
[5.737s][info][gc,ref      ] GC(13) Soft: 62 encountered, 0 discovered, 0 enqueued
[5.737s][info][gc,ref      ] GC(13) Weak: 140 encountered, 0 discovered, 0 enqueued
[5.737s][info][gc,ref      ] GC(13) Final: 0 encountered, 0 discovered, 0 enqueued
[5.737s][info][gc,ref      ] GC(13) Phantom: 1 encountered, 0 discovered, 0 enqueued
[5.737s][info][gc,reloc    ] GC(13) Small Pages: 4 / 8M, Empty: 2M, Relocated: 0M, In-Place: 0
[5.737s][info][gc,reloc    ] GC(13) Medium Pages: 78 / 2496M, Empty: 2496M, Relocated: 0M, In-Place: 0
[5.737s][info][gc,reloc    ] GC(13) Large Pages: 0 / 0M, Empty: 0M, Relocated: 0M, In-Place: 0
[5.737s][info][gc,reloc    ] GC(13) Forwarding Usage: 0M
[5.737s][info][gc,heap     ] GC(13) Min Capacity: 8M(0%)
[5.737s][info][gc,heap     ] GC(13) Max Capacity: 8192M(100%)
[5.737s][info][gc,heap     ] GC(13) Soft Max Capacity: 8192M(100%)
[5.737s][info][gc,heap     ] GC(13)                Mark Start          Mark End        Relocate Start      Relocate End           High               Low
[5.737s][info][gc,heap     ] GC(13)  Capacity:     6560M (80%)        6560M (80%)        6560M (80%)        6560M (80%)        6560M (80%)        6560M (80%)
[5.737s][info][gc,heap     ] GC(13)      Free:     5688M (69%)        5688M (69%)        8186M (100%)       8186M (100%)       8186M (100%)       5688M (69%)
[5.737s][info][gc,heap     ] GC(13)      Used:     2504M (31%)        2504M (31%)           6M (0%)            6M (0%)         2504M (31%)           6M (0%)
[5.737s][info][gc,heap     ] GC(13)      Live:         -                 0M (0%)            0M (0%)            0M (0%)             -                  -
[5.737s][info][gc,heap     ] GC(13) Allocated:         -                 0M (0%)            0M (0%)            0M (0%)             -                  -
[5.737s][info][gc,heap     ] GC(13)   Garbage:         -              2503M (31%)           5M (0%)            5M (0%)             -                  -
[5.737s][info][gc,heap     ] GC(13) Reclaimed:         -                  -              2498M (30%)        2498M (30%)            -                  -
[5.737s][info][gc          ] GC(13) Garbage Collection (Proactive) 2504M(31%)->6M(0%)
Iteration: 6
[6.530s][info][gc,start    ] GC(14) Garbage Collection (Proactive)
[6.530s][info][gc,task     ] GC(14) Using 3 workers
[6.530s][info][gc,phases   ] GC(14) Pause Mark Start 0.013ms
[6.532s][info][gc,phases   ] GC(14) Concurrent Mark 1.742ms
[6.532s][info][gc,phases   ] GC(14) Pause Mark End 0.005ms
[6.532s][info][gc,phases   ] GC(14) Concurrent Mark Free 0.000ms
[6.532s][info][gc,phases   ] GC(14) Concurrent Process Non-Strong References 0.166ms
[6.532s][info][gc,phases   ] GC(14) Concurrent Reset Relocation Set 0.001ms
[6.534s][info][gc,phases   ] GC(14) Concurrent Select Relocation Set 1.460ms
[6.534s][info][gc,phases   ] GC(14) Pause Relocate Start 0.006ms
[6.534s][info][gc,phases   ] GC(14) Concurrent Relocate 0.389ms
[6.534s][info][gc,load     ] GC(14) Load: 3.29/4.45/4.78
[6.534s][info][gc,mmu      ] GC(14) MMU: 2ms/99.1%, 5ms/99.4%, 10ms/99.7%, 20ms/99.8%, 50ms/99.9%, 100ms/100.0%
[6.534s][info][gc,marking  ] GC(14) Mark: 2 stripe(s), 2 proactive flush(es), 1 terminate flush(es), 0 completion(s), 0 continuation(s)
[6.534s][info][gc,marking  ] GC(14) Mark Stack Usage: 32M
[6.534s][info][gc,nmethod  ] GC(14) NMethods: 151 registered, 0 unregistered
[6.534s][info][gc,metaspace] GC(14) Metaspace: 0M used, 0M committed, 1088M reserved
[6.534s][info][gc,ref      ] GC(14) Soft: 62 encountered, 0 discovered, 0 enqueued
[6.534s][info][gc,ref      ] GC(14) Weak: 140 encountered, 2 discovered, 0 enqueued
[6.534s][info][gc,ref      ] GC(14) Final: 0 encountered, 0 discovered, 0 enqueued
[6.534s][info][gc,ref      ] GC(14) Phantom: 1 encountered, 0 discovered, 0 enqueued
[6.534s][info][gc,reloc    ] GC(14) Small Pages: 4 / 8M, Empty: 2M, Relocated: 0M, In-Place: 0
[6.534s][info][gc,reloc    ] GC(14) Medium Pages: 112 / 3584M, Empty: 3552M, Relocated: 0M, In-Place: 0
[6.534s][info][gc,reloc    ] GC(14) Large Pages: 0 / 0M, Empty: 0M, Relocated: 0M, In-Place: 0
[6.534s][info][gc,reloc    ] GC(14) Forwarding Usage: 0M
[6.534s][info][gc,heap     ] GC(14) Min Capacity: 8M(0%)
[6.534s][info][gc,heap     ] GC(14) Max Capacity: 8192M(100%)
[6.534s][info][gc,heap     ] GC(14) Soft Max Capacity: 8192M(100%)
[6.534s][info][gc,heap     ] GC(14)                Mark Start          Mark End        Relocate Start      Relocate End           High               Low
[6.534s][info][gc,heap     ] GC(14)  Capacity:     6560M (80%)        6560M (80%)        6560M (80%)        6560M (80%)        6560M (80%)        6560M (80%)
[6.534s][info][gc,heap     ] GC(14)      Free:     4600M (56%)        4568M (56%)        8090M (99%)        8058M (98%)        8090M (99%)        4568M (56%)
[6.534s][info][gc,heap     ] GC(14)      Used:     3592M (44%)        3624M (44%)         102M (1%)          134M (2%)         3624M (44%)         102M (1%)
[6.534s][info][gc,heap     ] GC(14)      Live:         -                 1M (0%)            1M (0%)            1M (0%)             -                  -
[6.534s][info][gc,heap     ] GC(14) Allocated:         -                32M (0%)           64M (1%)           97M (1%)             -                  -
[6.534s][info][gc,heap     ] GC(14)   Garbage:         -              3590M (44%)          36M (0%)           34M (0%)             -                  -
[6.534s][info][gc,heap     ] GC(14) Reclaimed:         -                  -              3554M (43%)        3555M (43%)            -                  -
[6.534s][info][gc          ] GC(14) Garbage Collection (Proactive) 3592M(44%)->134M(2%)
[6.634s][info][gc,start    ] GC(15) Garbage Collection (Allocation Rate)
[6.634s][info][gc,task     ] GC(15) Using 3 workers
[6.634s][info][gc,phases   ] GC(15) Pause Mark Start 0.006ms
[6.635s][info][gc,phases   ] GC(15) Concurrent Mark 1.747ms
[6.636s][info][gc,phases   ] GC(15) Pause Mark End 0.004ms
[6.636s][info][gc,phases   ] GC(15) Concurrent Mark Free 0.000ms
[6.636s][info][gc,phases   ] GC(15) Concurrent Process Non-Strong References 0.166ms
[6.636s][info][gc,phases   ] GC(15) Concurrent Reset Relocation Set 0.000ms
[6.637s][info][gc,phases   ] GC(15) Concurrent Select Relocation Set 1.714ms
[6.638s][info][gc,phases   ] GC(15) Pause Relocate Start 0.007ms
[6.638s][info][gc,phases   ] GC(15) Concurrent Relocate 0.372ms
[6.638s][info][gc,load     ] GC(15) Load: 3.29/4.45/4.78
[6.638s][info][gc,mmu      ] GC(15) MMU: 2ms/99.1%, 5ms/99.4%, 10ms/99.7%, 20ms/99.8%, 50ms/99.9%, 100ms/100.0%
[6.638s][info][gc,marking  ] GC(15) Mark: 2 stripe(s), 2 proactive flush(es), 1 terminate flush(es), 0 completion(s), 0 continuation(s)
[6.638s][info][gc,marking  ] GC(15) Mark Stack Usage: 32M
[6.638s][info][gc,nmethod  ] GC(15) NMethods: 151 registered, 0 unregistered
[6.638s][info][gc,metaspace] GC(15) Metaspace: 0M used, 0M committed, 1088M reserved
[6.638s][info][gc,ref      ] GC(15) Soft: 62 encountered, 0 discovered, 0 enqueued
[6.638s][info][gc,ref      ] GC(15) Weak: 140 encountered, 3 discovered, 0 enqueued
[6.638s][info][gc,ref      ] GC(15) Final: 0 encountered, 0 discovered, 0 enqueued
[6.638s][info][gc,ref      ] GC(15) Phantom: 1 encountered, 1 discovered, 0 enqueued
[6.638s][info][gc,reloc    ] GC(15) Small Pages: 3 / 6M, Empty: 0M, Relocated: 0M, In-Place: 0
[6.638s][info][gc,reloc    ] GC(15) Medium Pages: 204 / 6528M, Empty: 6496M, Relocated: 0M, In-Place: 0
[6.638s][info][gc,reloc    ] GC(15) Large Pages: 0 / 0M, Empty: 0M, Relocated: 0M, In-Place: 0
[6.638s][info][gc,reloc    ] GC(15) Forwarding Usage: 0M
[6.638s][info][gc,heap     ] GC(15) Min Capacity: 8M(0%)
[6.638s][info][gc,heap     ] GC(15) Max Capacity: 8192M(100%)
[6.638s][info][gc,heap     ] GC(15) Soft Max Capacity: 8192M(100%)
[6.638s][info][gc,heap     ] GC(15)                Mark Start          Mark End        Relocate Start      Relocate End           High               Low
[6.638s][info][gc,heap     ] GC(15)  Capacity:     6560M (80%)        6592M (80%)        6592M (80%)        6592M (80%)        6592M (80%)        6560M (80%)
[6.638s][info][gc,heap     ] GC(15)      Free:     1658M (20%)        1626M (20%)        8090M (99%)        8090M (99%)        8090M (99%)        1626M (20%)
[6.638s][info][gc,heap     ] GC(15)      Used:     6534M (80%)        6566M (80%)         102M (1%)          102M (1%)         6566M (80%)         102M (1%)
[6.638s][info][gc,heap     ] GC(15)      Live:         -                 1M (0%)            1M (0%)            1M (0%)             -                  -
[6.638s][info][gc,heap     ] GC(15) Allocated:         -                32M (0%)           64M (1%)           65M (1%)             -                  -
[6.638s][info][gc,heap     ] GC(15)   Garbage:         -              6532M (80%)          36M (0%)           34M (0%)             -                  -
[6.638s][info][gc,heap     ] GC(15) Reclaimed:         -                  -              6496M (79%)        6497M (79%)            -                  -
[6.638s][info][gc          ] GC(15) Garbage Collection (Allocation Rate) 6534M(80%)->102M(1%)
Allocated memory: 326 MB
Iteration: 7
[7.731s][info][gc,start    ] GC(16) Garbage Collection (Allocation Rate)
[7.731s][info][gc,task     ] GC(16) Using 3 workers
[7.731s][info][gc,phases   ] GC(16) Pause Mark Start 0.005ms
[7.733s][info][gc,phases   ] GC(16) Concurrent Mark 1.803ms
[7.733s][info][gc,phases   ] GC(16) Pause Mark End 0.003ms
[7.733s][info][gc,phases   ] GC(16) Concurrent Mark Free 0.000ms
[7.733s][info][gc,phases   ] GC(16) Concurrent Process Non-Strong References 0.137ms
[7.733s][info][gc,phases   ] GC(16) Concurrent Reset Relocation Set 0.001ms
[7.735s][info][gc,phases   ] GC(16) Concurrent Select Relocation Set 1.605ms
[7.735s][info][gc,phases   ] GC(16) Pause Relocate Start 0.006ms
[7.736s][info][gc,phases   ] GC(16) Concurrent Relocate 0.568ms
[7.736s][info][gc,load     ] GC(16) Load: 3.29/4.45/4.78
[7.736s][info][gc,mmu      ] GC(16) MMU: 2ms/99.1%, 5ms/99.4%, 10ms/99.7%, 20ms/99.8%, 50ms/99.9%, 100ms/100.0%
[7.736s][info][gc,marking  ] GC(16) Mark: 2 stripe(s), 2 proactive flush(es), 1 terminate flush(es), 0 completion(s), 0 continuation(s)
[7.736s][info][gc,marking  ] GC(16) Mark Stack Usage: 32M
[7.736s][info][gc,nmethod  ] GC(16) NMethods: 153 registered, 0 unregistered
[7.736s][info][gc,metaspace] GC(16) Metaspace: 0M used, 0M committed, 1088M reserved
[7.736s][info][gc,ref      ] GC(16) Soft: 62 encountered, 0 discovered, 0 enqueued
[7.736s][info][gc,ref      ] GC(16) Weak: 140 encountered, 0 discovered, 0 enqueued
[7.736s][info][gc,ref      ] GC(16) Final: 0 encountered, 0 discovered, 0 enqueued
[7.736s][info][gc,ref      ] GC(16) Phantom: 1 encountered, 0 discovered, 0 enqueued
[7.736s][info][gc,reloc    ] GC(16) Small Pages: 3 / 6M, Empty: 0M, Relocated: 0M, In-Place: 0
[7.736s][info][gc,reloc    ] GC(16) Medium Pages: 181 / 5792M, Empty: 5760M, Relocated: 0M, In-Place: 0
[7.736s][info][gc,reloc    ] GC(16) Large Pages: 0 / 0M, Empty: 0M, Relocated: 0M, In-Place: 0
[7.736s][info][gc,reloc    ] GC(16) Forwarding Usage: 0M
[7.736s][info][gc,heap     ] GC(16) Min Capacity: 8M(0%)
[7.736s][info][gc,heap     ] GC(16) Max Capacity: 8192M(100%)
[7.736s][info][gc,heap     ] GC(16) Soft Max Capacity: 8192M(100%)
[7.736s][info][gc,heap     ] GC(16)                Mark Start          Mark End        Relocate Start      Relocate End           High               Low
[7.736s][info][gc,heap     ] GC(16)  Capacity:     6592M (80%)        6592M (80%)        6592M (80%)        6592M (80%)        6592M (80%)        6592M (80%)
[7.736s][info][gc,heap     ] GC(16)      Free:     2394M (29%)        2362M (29%)        8090M (99%)        8090M (99%)        8090M (99%)        2362M (29%)
[7.736s][info][gc,heap     ] GC(16)      Used:     5798M (71%)        5830M (71%)         102M (1%)          102M (1%)         5830M (71%)         102M (1%)
[7.736s][info][gc,heap     ] GC(16)      Live:         -                 1M (0%)            1M (0%)            1M (0%)             -                  -
[7.736s][info][gc,heap     ] GC(16) Allocated:         -                32M (0%)           64M (1%)           65M (1%)             -                  -
[7.736s][info][gc,heap     ] GC(16)   Garbage:         -              5796M (71%)          36M (0%)           34M (0%)             -                  -
[7.736s][info][gc,heap     ] GC(16) Reclaimed:         -                  -              5760M (70%)        5761M (70%)            -                  -
[7.736s][info][gc          ] GC(16) Garbage Collection (Allocation Rate) 5798M(71%)->102M(1%)
Allocated memory: 4902 MB
[8.034s][info][gc,start    ] GC(17) Garbage Collection (Proactive)
[8.034s][info][gc,task     ] GC(17) Using 3 workers
[8.034s][info][gc,phases   ] GC(17) Pause Mark Start 0.019ms
[8.036s][info][gc,phases   ] GC(17) Concurrent Mark 2.211ms
[8.036s][info][gc,phases   ] GC(17) Pause Mark End 0.009ms
[8.036s][info][gc,phases   ] GC(17) Concurrent Mark Free 0.000ms
[8.037s][info][gc,phases   ] GC(17) Concurrent Process Non-Strong References 0.360ms
[8.037s][info][gc,phases   ] GC(17) Concurrent Reset Relocation Set 0.001ms
[8.039s][info][gc,phases   ] GC(17) Concurrent Select Relocation Set 2.635ms
[8.040s][info][gc,phases   ] GC(17) Pause Relocate Start 0.005ms
[8.040s][info][gc,phases   ] GC(17) Concurrent Relocate 0.712ms
[8.040s][info][gc,load     ] GC(17) Load: 3.29/4.45/4.78
[8.040s][info][gc,mmu      ] GC(17) MMU: 2ms/99.1%, 5ms/99.4%, 10ms/99.7%, 20ms/99.8%, 50ms/99.9%, 100ms/100.0%
[8.040s][info][gc,marking  ] GC(17) Mark: 2 stripe(s), 1 proactive flush(es), 1 terminate flush(es), 0 completion(s), 0 continuation(s)
[8.040s][info][gc,marking  ] GC(17) Mark Stack Usage: 32M
[8.040s][info][gc,nmethod  ] GC(17) NMethods: 153 registered, 0 unregistered
[8.040s][info][gc,metaspace] GC(17) Metaspace: 0M used, 0M committed, 1088M reserved
[8.040s][info][gc,ref      ] GC(17) Soft: 62 encountered, 0 discovered, 0 enqueued
[8.040s][info][gc,ref      ] GC(17) Weak: 140 encountered, 0 discovered, 0 enqueued
[8.040s][info][gc,ref      ] GC(17) Final: 0 encountered, 0 discovered, 0 enqueued
[8.040s][info][gc,ref      ] GC(17) Phantom: 1 encountered, 1 discovered, 0 enqueued
[8.040s][info][gc,reloc    ] GC(17) Small Pages: 3 / 6M, Empty: 0M, Relocated: 0M, In-Place: 0
[8.040s][info][gc,reloc    ] GC(17) Medium Pages: 153 / 4896M, Empty: 4896M, Relocated: 0M, In-Place: 0
[8.040s][info][gc,reloc    ] GC(17) Large Pages: 0 / 0M, Empty: 0M, Relocated: 0M, In-Place: 0
[8.040s][info][gc,reloc    ] GC(17) Forwarding Usage: 0M
[8.040s][info][gc,heap     ] GC(17) Min Capacity: 8M(0%)
[8.040s][info][gc,heap     ] GC(17) Max Capacity: 8192M(100%)
[8.040s][info][gc,heap     ] GC(17) Soft Max Capacity: 8192M(100%)
[8.040s][info][gc,heap     ] GC(17)                Mark Start          Mark End        Relocate Start      Relocate End           High               Low
[8.040s][info][gc,heap     ] GC(17)  Capacity:     6592M (80%)        6592M (80%)        6592M (80%)        6592M (80%)        6592M (80%)        6592M (80%)
[8.041s][info][gc,heap     ] GC(17)      Free:     3290M (40%)        3290M (40%)        8186M (100%)       8186M (100%)       8186M (100%)       3290M (40%)
[8.041s][info][gc,heap     ] GC(17)      Used:     4902M (60%)        4902M (60%)           6M (0%)            6M (0%)         4902M (60%)           6M (0%)
[8.041s][info][gc,heap     ] GC(17)      Live:         -                 0M (0%)            0M (0%)            0M (0%)             -                  -
[8.041s][info][gc,heap     ] GC(17) Allocated:         -                 0M (0%)            0M (0%)            0M (0%)             -                  -
[8.041s][info][gc,heap     ] GC(17)   Garbage:         -              4901M (60%)           5M (0%)            5M (0%)             -                  -
[8.041s][info][gc,heap     ] GC(17) Reclaimed:         -                  -              4896M (60%)        4896M (60%)            -                  -
[8.041s][info][gc          ] GC(17) Garbage Collection (Proactive) 4902M(60%)->6M(0%)
Iteration: 8
[8.833s][info][gc,start    ] GC(18) Garbage Collection (Proactive)
[8.833s][info][gc,task     ] GC(18) Using 3 workers
[8.833s][info][gc,phases   ] GC(18) Pause Mark Start 0.013ms
[8.835s][info][gc,phases   ] GC(18) Concurrent Mark 1.694ms
[8.835s][info][gc,phases   ] GC(18) Pause Mark End 0.005ms
[8.835s][info][gc,phases   ] GC(18) Concurrent Mark Free 0.000ms
[8.835s][info][gc,phases   ] GC(18) Concurrent Process Non-Strong References 0.174ms
[8.835s][info][gc,phases   ] GC(18) Concurrent Reset Relocation Set 0.001ms
[8.836s][info][gc,phases   ] GC(18) Concurrent Select Relocation Set 1.411ms
[8.836s][info][gc,phases   ] GC(18) Pause Relocate Start 0.006ms
[8.837s][info][gc,phases   ] GC(18) Concurrent Relocate 0.358ms
[8.837s][info][gc,load     ] GC(18) Load: 3.29/4.45/4.78
[8.837s][info][gc,mmu      ] GC(18) MMU: 2ms/99.1%, 5ms/99.4%, 10ms/99.7%, 20ms/99.8%, 50ms/99.9%, 100ms/100.0%
[8.837s][info][gc,marking  ] GC(18) Mark: 2 stripe(s), 2 proactive flush(es), 1 terminate flush(es), 0 completion(s), 0 continuation(s)
[8.837s][info][gc,marking  ] GC(18) Mark Stack Usage: 32M
[8.837s][info][gc,nmethod  ] GC(18) NMethods: 153 registered, 0 unregistered
[8.837s][info][gc,metaspace] GC(18) Metaspace: 0M used, 0M committed, 1088M reserved
[8.837s][info][gc,ref      ] GC(18) Soft: 62 encountered, 0 discovered, 0 enqueued
[8.837s][info][gc,ref      ] GC(18) Weak: 140 encountered, 12 discovered, 0 enqueued
[8.837s][info][gc,ref      ] GC(18) Final: 0 encountered, 0 discovered, 0 enqueued
[8.837s][info][gc,ref      ] GC(18) Phantom: 1 encountered, 0 discovered, 0 enqueued
[8.837s][info][gc,reloc    ] GC(18) Small Pages: 4 / 8M, Empty: 2M, Relocated: 0M, In-Place: 0
[8.837s][info][gc,reloc    ] GC(18) Medium Pages: 59 / 1888M, Empty: 1856M, Relocated: 0M, In-Place: 0
[8.837s][info][gc,reloc    ] GC(18) Large Pages: 0 / 0M, Empty: 0M, Relocated: 0M, In-Place: 0
[8.837s][info][gc,reloc    ] GC(18) Forwarding Usage: 0M
[8.837s][info][gc,heap     ] GC(18) Min Capacity: 8M(0%)
[8.837s][info][gc,heap     ] GC(18) Max Capacity: 8192M(100%)
[8.837s][info][gc,heap     ] GC(18) Soft Max Capacity: 8192M(100%)
[8.837s][info][gc,heap     ] GC(18)                Mark Start          Mark End        Relocate Start      Relocate End           High               Low
[8.837s][info][gc,heap     ] GC(18)  Capacity:     6592M (80%)        6592M (80%)        6592M (80%)        6592M (80%)        6592M (80%)        6592M (80%)
[8.837s][info][gc,heap     ] GC(18)      Free:     6296M (77%)        6264M (76%)        8090M (99%)        8088M (99%)        8090M (99%)        6232M (76%)
[8.837s][info][gc,heap     ] GC(18)      Used:     1896M (23%)        1928M (24%)         102M (1%)          104M (1%)         1960M (24%)         102M (1%)
[8.837s][info][gc,heap     ] GC(18)      Live:         -                 1M (0%)            1M (0%)            1M (0%)             -                  -
[8.837s][info][gc,heap     ] GC(18) Allocated:         -                32M (0%)           64M (1%)           65M (1%)             -                  -
[8.837s][info][gc,heap     ] GC(18)   Garbage:         -              1894M (23%)          36M (0%)           36M (0%)             -                  -
[8.837s][info][gc,heap     ] GC(18) Reclaimed:         -                  -              1858M (23%)        1857M (23%)            -                  -
[8.837s][info][gc          ] GC(18) Garbage Collection (Proactive) 1896M(23%)->104M(1%)
[9.035s][info][gc,start    ] GC(19) Garbage Collection (Allocation Rate)
[9.035s][info][gc,task     ] GC(19) Using 3 workers
[9.035s][info][gc,phases   ] GC(19) Pause Mark Start 0.004ms
[9.037s][info][gc,phases   ] GC(19) Concurrent Mark 1.808ms
[9.037s][info][gc,phases   ] GC(19) Pause Mark End 0.005ms
[9.037s][info][gc,phases   ] GC(19) Concurrent Mark Free 0.000ms
[9.037s][info][gc,phases   ] GC(19) Concurrent Process Non-Strong References 0.133ms
[9.037s][info][gc,phases   ] GC(19) Concurrent Reset Relocation Set 0.000ms
[9.039s][info][gc,phases   ] GC(19) Concurrent Select Relocation Set 1.474ms
[9.039s][info][gc,phases   ] GC(19) Pause Relocate Start 0.007ms
[9.039s][info][gc,phases   ] GC(19) Concurrent Relocate 0.371ms
[9.039s][info][gc,load     ] GC(19) Load: 3.29/4.45/4.78
[9.039s][info][gc,mmu      ] GC(19) MMU: 2ms/99.1%, 5ms/99.4%, 10ms/99.7%, 20ms/99.8%, 50ms/99.9%, 100ms/100.0%
[9.039s][info][gc,marking  ] GC(19) Mark: 2 stripe(s), 2 proactive flush(es), 1 terminate flush(es), 0 completion(s), 0 continuation(s)
[9.039s][info][gc,marking  ] GC(19) Mark Stack Usage: 32M
[9.039s][info][gc,nmethod  ] GC(19) NMethods: 153 registered, 0 unregistered
[9.039s][info][gc,metaspace] GC(19) Metaspace: 0M used, 0M committed, 1088M reserved
[9.039s][info][gc,ref      ] GC(19) Soft: 62 encountered, 0 discovered, 0 enqueued
[9.039s][info][gc,ref      ] GC(19) Weak: 140 encountered, 0 discovered, 0 enqueued
[9.039s][info][gc,ref      ] GC(19) Final: 0 encountered, 0 discovered, 0 enqueued
[9.039s][info][gc,ref      ] GC(19) Phantom: 1 encountered, 0 discovered, 0 enqueued
[9.039s][info][gc,reloc    ] GC(19) Small Pages: 4 / 8M, Empty: 0M, Relocated: 0M, In-Place: 0
[9.039s][info][gc,reloc    ] GC(19) Medium Pages: 229 / 7328M, Empty: 7296M, Relocated: 0M, In-Place: 0
[9.039s][info][gc,reloc    ] GC(19) Large Pages: 0 / 0M, Empty: 0M, Relocated: 0M, In-Place: 0
[9.039s][info][gc,reloc    ] GC(19) Forwarding Usage: 0M
[9.039s][info][gc,heap     ] GC(19) Min Capacity: 8M(0%)
[9.039s][info][gc,heap     ] GC(19) Max Capacity: 8192M(100%)
[9.039s][info][gc,heap     ] GC(19) Soft Max Capacity: 8192M(100%)
[9.039s][info][gc,heap     ] GC(19)                Mark Start          Mark End        Relocate Start      Relocate End           High               Low
[9.039s][info][gc,heap     ] GC(19)  Capacity:     7360M (90%)        7392M (90%)        7392M (90%)        7392M (90%)        7392M (90%)        7360M (90%)
[9.039s][info][gc,heap     ] GC(19)      Free:      856M (10%)         824M (10%)        8088M (99%)        8088M (99%)        8088M (99%)         824M (10%)
[9.039s][info][gc,heap     ] GC(19)      Used:     7336M (90%)        7368M (90%)         104M (1%)          104M (1%)         7368M (90%)         104M (1%)
[9.039s][info][gc,heap     ] GC(19)      Live:         -                 1M (0%)            1M (0%)            1M (0%)             -                  -
[9.039s][info][gc,heap     ] GC(19) Allocated:         -                32M (0%)           64M (1%)           65M (1%)             -                  -
[9.039s][info][gc,heap     ] GC(19)   Garbage:         -              7334M (90%)          38M (0%)           36M (0%)             -                  -
[9.039s][info][gc,heap     ] GC(19) Reclaimed:         -                  -              7296M (89%)        7297M (89%)            -                  -
[9.039s][info][gc          ] GC(19) Garbage Collection (Allocation Rate) 7336M(90%)->104M(1%)
Allocated memory: 1192 MB
[9.435s][info][gc,start    ] GC(20) Garbage Collection (Proactive)
[9.435s][info][gc,task     ] GC(20) Using 3 workers
[9.435s][info][gc,phases   ] GC(20) Pause Mark Start 0.005ms
[9.437s][info][gc,phases   ] GC(20) Concurrent Mark 1.954ms
[9.437s][info][gc,phases   ] GC(20) Pause Mark End 0.010ms
[9.437s][info][gc,phases   ] GC(20) Concurrent Mark Free 0.001ms
[9.437s][info][gc,phases   ] GC(20) Concurrent Process Non-Strong References 0.198ms
[9.437s][info][gc,phases   ] GC(20) Concurrent Reset Relocation Set 0.001ms
[9.439s][info][gc,phases   ] GC(20) Concurrent Select Relocation Set 1.867ms
[9.439s][info][gc,phases   ] GC(20) Pause Relocate Start 0.006ms
[9.439s][info][gc,phases   ] GC(20) Concurrent Relocate 0.416ms
[9.439s][info][gc,load     ] GC(20) Load: 3.29/4.45/4.78
[9.439s][info][gc,mmu      ] GC(20) MMU: 2ms/99.1%, 5ms/99.4%, 10ms/99.7%, 20ms/99.8%, 50ms/99.9%, 100ms/100.0%
[9.439s][info][gc,marking  ] GC(20) Mark: 2 stripe(s), 1 proactive flush(es), 1 terminate flush(es), 0 completion(s), 0 continuation(s)
[9.439s][info][gc,marking  ] GC(20) Mark Stack Usage: 32M
[9.439s][info][gc,nmethod  ] GC(20) NMethods: 153 registered, 0 unregistered
[9.439s][info][gc,metaspace] GC(20) Metaspace: 0M used, 0M committed, 1088M reserved
[9.439s][info][gc,ref      ] GC(20) Soft: 62 encountered, 0 discovered, 0 enqueued
[9.439s][info][gc,ref      ] GC(20) Weak: 140 encountered, 5 discovered, 0 enqueued
[9.439s][info][gc,ref      ] GC(20) Final: 0 encountered, 0 discovered, 0 enqueued
[9.439s][info][gc,ref      ] GC(20) Phantom: 1 encountered, 0 discovered, 0 enqueued
[9.439s][info][gc,reloc    ] GC(20) Small Pages: 4 / 8M, Empty: 0M, Relocated: 0M, In-Place: 0
[9.439s][info][gc,reloc    ] GC(20) Medium Pages: 37 / 1184M, Empty: 1184M, Relocated: 0M, In-Place: 0
[9.439s][info][gc,reloc    ] GC(20) Large Pages: 0 / 0M, Empty: 0M, Relocated: 0M, In-Place: 0
[9.439s][info][gc,reloc    ] GC(20) Forwarding Usage: 0M
[9.439s][info][gc,heap     ] GC(20) Min Capacity: 8M(0%)
[9.439s][info][gc,heap     ] GC(20) Max Capacity: 8192M(100%)
[9.439s][info][gc,heap     ] GC(20) Soft Max Capacity: 8192M(100%)
[9.439s][info][gc,heap     ] GC(20)                Mark Start          Mark End        Relocate Start      Relocate End           High               Low
[9.439s][info][gc,heap     ] GC(20)  Capacity:     7392M (90%)        7392M (90%)        7392M (90%)        7392M (90%)        7392M (90%)        7392M (90%)
[9.439s][info][gc,heap     ] GC(20)      Free:     7000M (85%)        7000M (85%)        8184M (100%)       8186M (100%)       8186M (100%)       7000M (85%)
[9.439s][info][gc,heap     ] GC(20)      Used:     1192M (15%)        1192M (15%)           8M (0%)            6M (0%)         1192M (15%)           6M (0%)
[9.439s][info][gc,heap     ] GC(20)      Live:         -                 0M (0%)            0M (0%)            0M (0%)             -                  -
[9.439s][info][gc,heap     ] GC(20) Allocated:         -                 0M (0%)            0M (0%)            0M (0%)             -                  -
[9.439s][info][gc,heap     ] GC(20)   Garbage:         -              1191M (15%)           7M (0%)            5M (0%)             -                  -
[9.439s][info][gc,heap     ] GC(20) Reclaimed:         -                  -              1184M (14%)        1186M (14%)            -                  -
[9.439s][info][gc          ] GC(20) Garbage Collection (Proactive) 1192M(15%)->6M(0%)
[10.036s][info][gc,stats    ] === Garbage Collection Statistics =======================================================================================================================
[10.036s][info][gc,stats    ]                                                              Last 10s              Last 10m              Last 10h                Total
[10.036s][info][gc,stats    ]                                                              Avg / Max             Avg / Max             Avg / Max             Avg / Max
[10.036s][info][gc,stats    ]   Collector: Garbage Collection Cycle                      4.808 / 7.317         4.808 / 7.317         4.808 / 7.317         4.808 / 7.317       ms
[10.036s][info][gc,stats    ]  Contention: Mark Segment Reset Contention                     0 / 3                 0 / 3                 0 / 3                 0 / 3           ops/s
[10.036s][info][gc,stats    ]  Contention: Mark SeqNum Reset Contention                      0 / 1                 0 / 1                 0 / 1                 0 / 1           ops/s
[10.036s][info][gc,stats    ]    Critical: Allocation Stall                                  0 / 0                 0 / 0                 0 / 0                 0 / 0           ops/s
[10.036s][info][gc,stats    ]    Critical: Allocation Stall                              0.000 / 0.000         0.000 / 0.000         0.000 / 0.000         0.000 / 0.000       ms
[10.036s][info][gc,stats    ]    Critical: GC Locker Stall                                   0 / 0                 0 / 0                 0 / 0                 0 / 0           ops/s
[10.036s][info][gc,stats    ]    Critical: GC Locker Stall                               0.000 / 0.000         0.000 / 0.000         0.000 / 0.000         0.000 / 0.000       ms
[10.036s][info][gc,stats    ]    Critical: Relocation Stall                                  0 / 0                 0 / 0                 0 / 0                 0 / 0           ops/s
[10.036s][info][gc,stats    ]    Critical: Relocation Stall                              0.000 / 0.000         0.000 / 0.000         0.000 / 0.000         0.000 / 0.000       ms
[10.037s][info][gc,stats    ]      Memory: Allocation Rate                                8291 / 10402          8291 / 10402          8291 / 10402          8291 / 10402       MB/s
[10.037s][info][gc,stats    ]      Memory: Out Of Memory                                     0 / 0                 0 / 0                 0 / 0                 0 / 0           ops/s
[10.037s][info][gc,stats    ]      Memory: Page Cache Flush                                  0 / 0                 0 / 0                 0 / 0                 0 / 0           MB/s
[10.037s][info][gc,stats    ]      Memory: Page Cache Hit L1                               241 / 335             241 / 335             241 / 335             241 / 335         ops/s
[10.037s][info][gc,stats    ]      Memory: Page Cache Hit L2                                 0 / 0                 0 / 0                 0 / 0                 0 / 0           ops/s
[10.037s][info][gc,stats    ]      Memory: Page Cache Hit L3                                 2 / 17                2 / 17                2 / 17                2 / 17          ops/s
[10.037s][info][gc,stats    ]      Memory: Page Cache Miss                                  21 / 120              21 / 120              21 / 120              21 / 120         ops/s
[10.037s][info][gc,stats    ]      Memory: Uncommit                                          0 / 0                 0 / 0                 0 / 0                 0 / 0           MB/s
[10.037s][info][gc,stats    ]      Memory: Undo Object Allocation Failed                     0 / 0                 0 / 0                 0 / 0                 0 / 0           ops/s
[10.037s][info][gc,stats    ]      Memory: Undo Object Allocation Succeeded                  0 / 1                 0 / 1                 0 / 1                 0 / 1           ops/s
[10.037s][info][gc,stats    ]      Memory: Undo Page Allocation                              0 / 0                 0 / 0                 0 / 0                 0 / 0           ops/s
[10.037s][info][gc,stats    ]       Phase: Concurrent Mark                               1.850 / 2.282         1.850 / 2.282         1.850 / 2.282         1.850 / 2.282       ms
[10.037s][info][gc,stats    ]       Phase: Concurrent Mark Continue                      0.000 / 0.000         0.000 / 0.000         0.000 / 0.000         0.000 / 0.000       ms
[10.037s][info][gc,stats    ]       Phase: Concurrent Mark Free                          0.000 / 0.001         0.000 / 0.001         0.000 / 0.001         0.000 / 0.001       ms
[10.037s][info][gc,stats    ]       Phase: Concurrent Process Non-Strong References      0.198 / 0.445         0.198 / 0.445         0.198 / 0.445         0.198 / 0.445       ms
[10.037s][info][gc,stats    ]       Phase: Concurrent Relocate                           0.381 / 0.712         0.381 / 0.712         0.381 / 0.712         0.381 / 0.712       ms
[10.037s][info][gc,stats    ]       Phase: Concurrent Reset Relocation Set               0.001 / 0.002         0.001 / 0.002         0.001 / 0.002         0.001 / 0.002       ms
[10.037s][info][gc,stats    ]       Phase: Concurrent Select Relocation Set              1.916 / 4.865         1.916 / 4.865         1.916 / 4.865         1.916 / 4.865       ms
[10.037s][info][gc,stats    ]       Phase: Pause Mark End                                0.006 / 0.016         0.006 / 0.016         0.006 / 0.016         0.006 / 0.016       ms
[10.037s][info][gc,stats    ]       Phase: Pause Mark Start                              0.009 / 0.019         0.009 / 0.019         0.009 / 0.019         0.009 / 0.019       ms
[10.037s][info][gc,stats    ]       Phase: Pause Relocate Start                          0.006 / 0.010         0.006 / 0.010         0.006 / 0.010         0.006 / 0.010       ms
[10.037s][info][gc,stats    ]    Subphase: Concurrent Classes Purge                      0.020 / 0.071         0.020 / 0.071         0.020 / 0.071         0.020 / 0.071       ms
[10.038s][info][gc,stats    ]    Subphase: Concurrent Classes Unlink                     0.091 / 0.170         0.091 / 0.170         0.091 / 0.170         0.091 / 0.170       ms
[10.038s][info][gc,stats    ]    Subphase: Concurrent Mark                               1.296 / 2.060         1.296 / 2.060         1.296 / 2.060         1.296 / 2.060       ms
[10.038s][info][gc,stats    ]    Subphase: Concurrent Mark Try Flush                     0.019 / 0.067         0.019 / 0.067         0.019 / 0.067         0.019 / 0.067       ms
[10.038s][info][gc,stats    ]    Subphase: Concurrent Mark Try Terminate                 0.633 / 1.303         0.633 / 1.303         0.633 / 1.303         0.633 / 1.303       ms
[10.038s][info][gc,stats    ]    Subphase: Concurrent References Enqueue                 0.000 / 0.002         0.000 / 0.002         0.000 / 0.002         0.000 / 0.002       ms
[10.038s][info][gc,stats    ]    Subphase: Concurrent References Process                 0.016 / 0.045         0.016 / 0.045         0.016 / 0.045         0.016 / 0.045       ms
[10.038s][info][gc,stats    ]    Subphase: Concurrent Roots ClassLoaderDataGraph         0.027 / 0.136         0.027 / 0.136         0.027 / 0.136         0.027 / 0.136       ms
[10.038s][info][gc,stats    ]    Subphase: Concurrent Roots CodeCache                    0.000 / 0.000         0.000 / 0.000         0.000 / 0.000         0.000 / 0.000       ms
[10.038s][info][gc,stats    ]    Subphase: Concurrent Roots JavaThreads                  0.050 / 0.120         0.050 / 0.120         0.050 / 0.120         0.050 / 0.120       ms
[10.038s][info][gc,stats    ]    Subphase: Concurrent Roots OopStorageSet                0.011 / 0.068         0.011 / 0.068         0.011 / 0.068         0.011 / 0.068       ms
[10.038s][info][gc,stats    ]    Subphase: Concurrent Weak Roots OopStorageSet           0.020 / 0.068         0.020 / 0.068         0.020 / 0.068         0.020 / 0.068       ms
[10.038s][info][gc,stats    ]    Subphase: Pause Mark Try Complete                       0.000 / 0.000         0.000 / 0.000         0.000 / 0.000         0.000 / 0.000       ms
[10.038s][info][gc,stats    ]      System: Java Threads                                     11 / 11               11 / 11               11 / 11               11 / 11          threads
[10.038s][info][gc,stats    ] =========================================================================================================================================================
Iteration: 9
[10.135s][info][gc,start    ] GC(21) Garbage Collection (Proactive)
[10.135s][info][gc,task     ] GC(21) Using 3 workers
[10.135s][info][gc,phases   ] GC(21) Pause Mark Start 0.004ms
[10.137s][info][gc,phases   ] GC(21) Concurrent Mark 1.791ms
[10.137s][info][gc,phases   ] GC(21) Pause Mark End 0.004ms
[10.137s][info][gc,phases   ] GC(21) Concurrent Mark Free 0.000ms
[10.137s][info][gc,phases   ] GC(21) Concurrent Process Non-Strong References 0.186ms
[10.137s][info][gc,phases   ] GC(21) Concurrent Reset Relocation Set 0.001ms
[10.138s][info][gc,phases   ] GC(21) Concurrent Select Relocation Set 1.458ms
[10.138s][info][gc,phases   ] GC(21) Pause Relocate Start 0.002ms
[10.139s][info][gc,phases   ] GC(21) Concurrent Relocate 0.331ms
[10.139s][info][gc,load     ] GC(21) Load: 3.26/4.42/4.77
[10.139s][info][gc,mmu      ] GC(21) MMU: 2ms/99.1%, 5ms/99.4%, 10ms/99.7%, 20ms/99.8%, 50ms/99.9%, 100ms/100.0%
[10.139s][info][gc,marking  ] GC(21) Mark: 2 stripe(s), 2 proactive flush(es), 1 terminate flush(es), 0 completion(s), 0 continuation(s)
[10.139s][info][gc,marking  ] GC(21) Mark Stack Usage: 32M
[10.139s][info][gc,nmethod  ] GC(21) NMethods: 153 registered, 0 unregistered
[10.139s][info][gc,metaspace] GC(21) Metaspace: 0M used, 0M committed, 1088M reserved
[10.139s][info][gc,ref      ] GC(21) Soft: 62 encountered, 0 discovered, 0 enqueued
[10.139s][info][gc,ref      ] GC(21) Weak: 140 encountered, 18 discovered, 0 enqueued
[10.139s][info][gc,ref      ] GC(21) Final: 0 encountered, 0 discovered, 0 enqueued
[10.139s][info][gc,ref      ] GC(21) Phantom: 1 encountered, 0 discovered, 0 enqueued
[10.139s][info][gc,reloc    ] GC(21) Small Pages: 4 / 8M, Empty: 2M, Relocated: 0M, In-Place: 0
[10.139s][info][gc,reloc    ] GC(21) Medium Pages: 102 / 3264M, Empty: 3232M, Relocated: 0M, In-Place: 0
[10.139s][info][gc,reloc    ] GC(21) Large Pages: 0 / 0M, Empty: 0M, Relocated: 0M, In-Place: 0
[10.139s][info][gc,reloc    ] GC(21) Forwarding Usage: 0M
[10.139s][info][gc,heap     ] GC(21) Min Capacity: 8M(0%)
[10.139s][info][gc,heap     ] GC(21) Max Capacity: 8192M(100%)
[10.139s][info][gc,heap     ] GC(21) Soft Max Capacity: 8192M(100%)
[10.139s][info][gc,heap     ] GC(21)                Mark Start          Mark End        Relocate Start      Relocate End           High               Low
[10.139s][info][gc,heap     ] GC(21)  Capacity:     7392M (90%)        7392M (90%)        7392M (90%)        7392M (90%)        7392M (90%)        7392M (90%)
[10.139s][info][gc,heap     ] GC(21)      Free:     4920M (60%)        4888M (60%)        8090M (99%)        8090M (99%)        8090M (99%)        4888M (60%)
[10.139s][info][gc,heap     ] GC(21)      Used:     3272M (40%)        3304M (40%)         102M (1%)          102M (1%)         3304M (40%)         102M (1%)
[10.139s][info][gc,heap     ] GC(21)      Live:         -                 1M (0%)            1M (0%)            1M (0%)             -                  -
[10.139s][info][gc,heap     ] GC(21) Allocated:         -                32M (0%)           64M (1%)           65M (1%)             -                  -
[10.139s][info][gc,heap     ] GC(21)   Garbage:         -              3270M (40%)          36M (0%)           34M (0%)             -                  -
[10.139s][info][gc,heap     ] GC(21) Reclaimed:         -                  -              3234M (39%)        3235M (40%)            -                  -
[10.139s][info][gc          ] GC(21) Garbage Collection (Proactive) 3272M(40%)->102M(1%)
[10.231s][info][gc,start    ] GC(22) Garbage Collection (Allocation Rate)
[10.231s][info][gc,task     ] GC(22) Using 3 workers
[10.231s][info][gc,phases   ] GC(22) Pause Mark Start 0.019ms
[10.233s][info][gc,phases   ] GC(22) Concurrent Mark 1.908ms
[10.234s][info][gc,phases   ] GC(22) Pause Mark End 0.005ms
[10.234s][info][gc,phases   ] GC(22) Concurrent Mark Free 0.000ms
[10.234s][info][gc,phases   ] GC(22) Concurrent Process Non-Strong References 0.153ms
[10.234s][info][gc,phases   ] GC(22) Concurrent Reset Relocation Set 0.000ms
[10.235s][info][gc,phases   ] GC(22) Concurrent Select Relocation Set 1.553ms
[10.235s][info][gc,phases   ] GC(22) Pause Relocate Start 0.006ms
[10.236s][info][gc,phases   ] GC(22) Concurrent Relocate 0.402ms
[10.236s][info][gc,load     ] GC(22) Load: 3.26/4.42/4.77
[10.236s][info][gc,mmu      ] GC(22) MMU: 2ms/99.0%, 5ms/99.4%, 10ms/99.7%, 20ms/99.8%, 50ms/99.9%, 100ms/100.0%
[10.236s][info][gc,marking  ] GC(22) Mark: 2 stripe(s), 2 proactive flush(es), 1 terminate flush(es), 0 completion(s), 0 continuation(s)
[10.236s][info][gc,marking  ] GC(22) Mark Stack Usage: 32M
[10.236s][info][gc,nmethod  ] GC(22) NMethods: 153 registered, 0 unregistered
[10.236s][info][gc,metaspace] GC(22) Metaspace: 0M used, 0M committed, 1088M reserved
[10.236s][info][gc,ref      ] GC(22) Soft: 62 encountered, 0 discovered, 0 enqueued
[10.236s][info][gc,ref      ] GC(22) Weak: 140 encountered, 1 discovered, 0 enqueued
[10.236s][info][gc,ref      ] GC(22) Final: 0 encountered, 0 discovered, 0 enqueued
[10.236s][info][gc,ref      ] GC(22) Phantom: 1 encountered, 0 discovered, 0 enqueued
[10.236s][info][gc,reloc    ] GC(22) Small Pages: 3 / 6M, Empty: 0M, Relocated: 0M, In-Place: 0
[10.236s][info][gc,reloc    ] GC(22) Medium Pages: 180 / 5760M, Empty: 5728M, Relocated: 0M, In-Place: 0
[10.236s][info][gc,reloc    ] GC(22) Large Pages: 0 / 0M, Empty: 0M, Relocated: 0M, In-Place: 0
[10.236s][info][gc,reloc    ] GC(22) Forwarding Usage: 0M
[10.236s][info][gc,heap     ] GC(22) Min Capacity: 8M(0%)
[10.236s][info][gc,heap     ] GC(22) Max Capacity: 8192M(100%)
[10.236s][info][gc,heap     ] GC(22) Soft Max Capacity: 8192M(100%)
[10.236s][info][gc,heap     ] GC(22)                Mark Start          Mark End        Relocate Start      Relocate End           High               Low
[10.236s][info][gc,heap     ] GC(22)  Capacity:     7392M (90%)        7392M (90%)        7392M (90%)        7392M (90%)        7392M (90%)        7392M (90%)
[10.236s][info][gc,heap     ] GC(22)      Free:     2426M (30%)        2394M (29%)        8090M (99%)        8090M (99%)        8090M (99%)        2394M (29%)
[10.236s][info][gc,heap     ] GC(22)      Used:     5766M (70%)        5798M (71%)         102M (1%)          102M (1%)         5798M (71%)         102M (1%)
[10.236s][info][gc,heap     ] GC(22)      Live:         -                 1M (0%)            1M (0%)            1M (0%)             -                  -
[10.236s][info][gc,heap     ] GC(22) Allocated:         -                32M (0%)           64M (1%)           65M (1%)             -                  -
[10.236s][info][gc,heap     ] GC(22)   Garbage:         -              5764M (70%)          36M (0%)           34M (0%)             -                  -
[10.236s][info][gc,heap     ] GC(22) Reclaimed:         -                  -              5728M (70%)        5729M (70%)            -                  -
[10.236s][info][gc          ] GC(22) Garbage Collection (Allocation Rate) 5766M(70%)->102M(1%)
Allocated memory: 1414 MB
[10.530s][info][gc,start    ] GC(23) Garbage Collection (Proactive)
[10.530s][info][gc,task     ] GC(23) Using 3 workers
[10.531s][info][gc,phases   ] GC(23) Pause Mark Start 0.007ms
[10.534s][info][gc,phases   ] GC(23) Concurrent Mark 2.850ms
[10.534s][info][gc,phases   ] GC(23) Pause Mark End 0.025ms
[10.534s][info][gc,phases   ] GC(23) Concurrent Mark Free 0.001ms
[10.534s][info][gc,phases   ] GC(23) Concurrent Process Non-Strong References 0.292ms
[10.534s][info][gc,phases   ] GC(23) Concurrent Reset Relocation Set 0.001ms
[10.537s][info][gc,phases   ] GC(23) Concurrent Select Relocation Set 2.287ms
[10.537s][info][gc,phases   ] GC(23) Pause Relocate Start 0.008ms
[10.537s][info][gc,phases   ] GC(23) Concurrent Relocate 0.584ms
[10.537s][info][gc,load     ] GC(23) Load: 3.26/4.42/4.77
[10.537s][info][gc,mmu      ] GC(23) MMU: 2ms/98.7%, 5ms/99.3%, 10ms/99.6%, 20ms/99.8%, 50ms/99.9%, 100ms/100.0%
[10.537s][info][gc,marking  ] GC(23) Mark: 2 stripe(s), 1 proactive flush(es), 1 terminate flush(es), 0 completion(s), 0 continuation(s)
[10.537s][info][gc,marking  ] GC(23) Mark Stack Usage: 32M
[10.537s][info][gc,nmethod  ] GC(23) NMethods: 153 registered, 0 unregistered
[10.537s][info][gc,metaspace] GC(23) Metaspace: 0M used, 0M committed, 1088M reserved
[10.537s][info][gc,ref      ] GC(23) Soft: 62 encountered, 0 discovered, 0 enqueued
[10.537s][info][gc,ref      ] GC(23) Weak: 140 encountered, 0 discovered, 0 enqueued
[10.537s][info][gc,ref      ] GC(23) Final: 0 encountered, 0 discovered, 0 enqueued
[10.537s][info][gc,ref      ] GC(23) Phantom: 1 encountered, 0 discovered, 0 enqueued
[10.537s][info][gc,reloc    ] GC(23) Small Pages: 3 / 6M, Empty: 0M, Relocated: 0M, In-Place: 0
[10.537s][info][gc,reloc    ] GC(23) Medium Pages: 44 / 1408M, Empty: 1408M, Relocated: 0M, In-Place: 0
[10.537s][info][gc,reloc    ] GC(23) Large Pages: 0 / 0M, Empty: 0M, Relocated: 0M, In-Place: 0
[10.537s][info][gc,reloc    ] GC(23) Forwarding Usage: 0M
[10.537s][info][gc,heap     ] GC(23) Min Capacity: 8M(0%)
[10.537s][info][gc,heap     ] GC(23) Max Capacity: 8192M(100%)
[10.537s][info][gc,heap     ] GC(23) Soft Max Capacity: 8192M(100%)
[10.537s][info][gc,heap     ] GC(23)                Mark Start          Mark End        Relocate Start      Relocate End           High               Low
[10.537s][info][gc,heap     ] GC(23)  Capacity:     7392M (90%)        7392M (90%)        7392M (90%)        7392M (90%)        7392M (90%)        7392M (90%)
[10.537s][info][gc,heap     ] GC(23)      Free:     6778M (83%)        6778M (83%)        8186M (100%)       8186M (100%)       8186M (100%)       6778M (83%)
[10.537s][info][gc,heap     ] GC(23)      Used:     1414M (17%)        1414M (17%)           6M (0%)            6M (0%)         1414M (17%)           6M (0%)
[10.537s][info][gc,heap     ] GC(23)      Live:         -                 0M (0%)            0M (0%)            0M (0%)             -                  -
[10.537s][info][gc,heap     ] GC(23) Allocated:         -                 0M (0%)            0M (0%)            0M (0%)             -                  -
[10.537s][info][gc,heap     ] GC(23)   Garbage:         -              1413M (17%)           5M (0%)            5M (0%)             -                  -
[10.537s][info][gc,heap     ] GC(23) Reclaimed:         -                  -              1408M (17%)        1408M (17%)            -                  -
[10.537s][info][gc          ] GC(23) Garbage Collection (Proactive) 1414M(17%)->6M(0%)
Iteration: 10
[11.334s][info][gc,start    ] GC(24) Garbage Collection (Proactive)
[11.334s][info][gc,task     ] GC(24) Using 3 workers
[11.334s][info][gc,phases   ] GC(24) Pause Mark Start 0.004ms
[11.336s][info][gc,phases   ] GC(24) Concurrent Mark 1.746ms
[11.336s][info][gc,phases   ] GC(24) Pause Mark End 0.003ms
[11.336s][info][gc,phases   ] GC(24) Concurrent Mark Free 0.000ms
[11.336s][info][gc,phases   ] GC(24) Concurrent Process Non-Strong References 0.165ms
[11.336s][info][gc,phases   ] GC(24) Concurrent Reset Relocation Set 0.000ms
[11.338s][info][gc,phases   ] GC(24) Concurrent Select Relocation Set 1.717ms
[11.338s][info][gc,phases   ] GC(24) Pause Relocate Start 0.007ms
[11.338s][info][gc,phases   ] GC(24) Concurrent Relocate 0.360ms
[11.338s][info][gc,load     ] GC(24) Load: 3.26/4.42/4.77
[11.338s][info][gc,mmu      ] GC(24) MMU: 2ms/98.7%, 5ms/99.3%, 10ms/99.6%, 20ms/99.8%, 50ms/99.9%, 100ms/100.0%
[11.338s][info][gc,marking  ] GC(24) Mark: 2 stripe(s), 2 proactive flush(es), 1 terminate flush(es), 0 completion(s), 0 continuation(s)
[11.338s][info][gc,marking  ] GC(24) Mark Stack Usage: 32M
[11.338s][info][gc,nmethod  ] GC(24) NMethods: 153 registered, 0 unregistered
[11.338s][info][gc,metaspace] GC(24) Metaspace: 0M used, 0M committed, 1088M reserved
[11.338s][info][gc,ref      ] GC(24) Soft: 62 encountered, 0 discovered, 0 enqueued
[11.338s][info][gc,ref      ] GC(24) Weak: 140 encountered, 0 discovered, 0 enqueued
[11.338s][info][gc,ref      ] GC(24) Final: 0 encountered, 0 discovered, 0 enqueued
[11.338s][info][gc,ref      ] GC(24) Phantom: 1 encountered, 0 discovered, 0 enqueued
[11.338s][info][gc,reloc    ] GC(24) Small Pages: 4 / 8M, Empty: 2M, Relocated: 0M, In-Place: 0
[11.338s][info][gc,reloc    ] GC(24) Medium Pages: 163 / 5216M, Empty: 5184M, Relocated: 0M, In-Place: 0
[11.338s][info][gc,reloc    ] GC(24) Large Pages: 0 / 0M, Empty: 0M, Relocated: 0M, In-Place: 0
[11.338s][info][gc,reloc    ] GC(24) Forwarding Usage: 0M
[11.338s][info][gc,heap     ] GC(24) Min Capacity: 8M(0%)
[11.338s][info][gc,heap     ] GC(24) Max Capacity: 8192M(100%)
[11.338s][info][gc,heap     ] GC(24) Soft Max Capacity: 8192M(100%)
[11.338s][info][gc,heap     ] GC(24)                Mark Start          Mark End        Relocate Start      Relocate End           High               Low
[11.338s][info][gc,heap     ] GC(24)  Capacity:     7392M (90%)        7392M (90%)        7392M (90%)        7392M (90%)        7392M (90%)        7392M (90%)
[11.338s][info][gc,heap     ] GC(24)      Free:     2968M (36%)        2936M (36%)        8090M (99%)        8058M (98%)        8090M (99%)        2936M (36%)
[11.338s][info][gc,heap     ] GC(24)      Used:     5224M (64%)        5256M (64%)         102M (1%)          134M (2%)         5256M (64%)         102M (1%)
[11.338s][info][gc,heap     ] GC(24)      Live:         -                 1M (0%)            1M (0%)            1M (0%)             -                  -
[11.338s][info][gc,heap     ] GC(24) Allocated:         -                32M (0%)           64M (1%)           97M (1%)             -                  -
[11.338s][info][gc,heap     ] GC(24)   Garbage:         -              5222M (64%)          36M (0%)           34M (0%)             -                  -
[11.338s][info][gc,heap     ] GC(24) Reclaimed:         -                  -              5186M (63%)        5187M (63%)            -                  -
[11.338s][info][gc          ] GC(24) Garbage Collection (Proactive) 5224M(64%)->134M(2%)
Allocated memory: 5190 MB
[11.833s][info][gc,start    ] GC(25) Garbage Collection (Proactive)
[11.833s][info][gc,task     ] GC(25) Using 3 workers
[11.833s][info][gc,phases   ] GC(25) Pause Mark Start 0.009ms
[11.835s][info][gc,phases   ] GC(25) Concurrent Mark 2.164ms
[11.835s][info][gc,phases   ] GC(25) Pause Mark End 0.006ms
[11.835s][info][gc,phases   ] GC(25) Concurrent Mark Free 0.000ms
[11.836s][info][gc,phases   ] GC(25) Concurrent Process Non-Strong References 0.283ms
[11.836s][info][gc,phases   ] GC(25) Concurrent Reset Relocation Set 0.001ms
[11.840s][info][gc,phases   ] GC(25) Concurrent Select Relocation Set 4.607ms
[11.840s][info][gc,phases   ] GC(25) Pause Relocate Start 0.008ms
[11.841s][info][gc,phases   ] GC(25) Concurrent Relocate 0.564ms
[11.841s][info][gc,load     ] GC(25) Load: 3.26/4.42/4.77
[11.841s][info][gc,mmu      ] GC(25) MMU: 2ms/98.7%, 5ms/99.3%, 10ms/99.6%, 20ms/99.8%, 50ms/99.9%, 100ms/100.0%
[11.841s][info][gc,marking  ] GC(25) Mark: 2 stripe(s), 1 proactive flush(es), 1 terminate flush(es), 0 completion(s), 0 continuation(s)
[11.841s][info][gc,marking  ] GC(25) Mark Stack Usage: 32M
[11.841s][info][gc,nmethod  ] GC(25) NMethods: 153 registered, 0 unregistered
[11.841s][info][gc,metaspace] GC(25) Metaspace: 0M used, 0M committed, 1088M reserved
[11.841s][info][gc,ref      ] GC(25) Soft: 62 encountered, 0 discovered, 0 enqueued
[11.841s][info][gc,ref      ] GC(25) Weak: 140 encountered, 0 discovered, 0 enqueued
[11.841s][info][gc,ref      ] GC(25) Final: 0 encountered, 0 discovered, 0 enqueued
[11.841s][info][gc,ref      ] GC(25) Phantom: 1 encountered, 0 discovered, 0 enqueued
[11.841s][info][gc,reloc    ] GC(25) Small Pages: 3 / 6M, Empty: 0M, Relocated: 0M, In-Place: 0
[11.841s][info][gc,reloc    ] GC(25) Medium Pages: 162 / 5184M, Empty: 5184M, Relocated: 0M, In-Place: 0
[11.841s][info][gc,reloc    ] GC(25) Large Pages: 0 / 0M, Empty: 0M, Relocated: 0M, In-Place: 0
[11.841s][info][gc,reloc    ] GC(25) Forwarding Usage: 0M
[11.841s][info][gc,heap     ] GC(25) Min Capacity: 8M(0%)
[11.841s][info][gc,heap     ] GC(25) Max Capacity: 8192M(100%)
[11.841s][info][gc,heap     ] GC(25) Soft Max Capacity: 8192M(100%)
[11.841s][info][gc,heap     ] GC(25)                Mark Start          Mark End        Relocate Start      Relocate End           High               Low
[11.841s][info][gc,heap     ] GC(25)  Capacity:     7392M (90%)        7392M (90%)        7392M (90%)        7392M (90%)        7392M (90%)        7392M (90%)
[11.841s][info][gc,heap     ] GC(25)      Free:     3002M (37%)        3002M (37%)        8186M (100%)       8186M (100%)       8186M (100%)       3002M (37%)
[11.841s][info][gc,heap     ] GC(25)      Used:     5190M (63%)        5190M (63%)           6M (0%)            6M (0%)         5190M (63%)           6M (0%)
[11.841s][info][gc,heap     ] GC(25)      Live:         -                 0M (0%)            0M (0%)            0M (0%)             -                  -
[11.841s][info][gc,heap     ] GC(25) Allocated:         -                 0M (0%)            0M (0%)            0M (0%)             -                  -
[11.841s][info][gc,heap     ] GC(25)   Garbage:         -              5189M (63%)           5M (0%)            5M (0%)             -                  -
[11.841s][info][gc,heap     ] GC(25) Reclaimed:         -                  -              5184M (63%)        5184M (63%)            -                  -
[11.841s][info][gc          ] GC(25) Garbage Collection (Proactive) 5190M(63%)->6M(0%)
ccZGC Demo Completed
[12.411s][info][gc,heap,exit] Heap
[12.411s][info][gc,heap,exit]  ZHeap           used 8M, capacity 7392M, max capacity 8192M
[12.411s][info][gc,heap,exit]  Metaspace       used 267K, committed 448K, reserved 1114112K
[12.411s][info][gc,heap,exit]   class space    used 11K, committed 128K, reserved 1048576K